2026-06-25 19:05:10    [PROFIL] Profil 'Standard Profile' aplicat pe session12.
2026-06-25 19:05:10  =================================================================
2026-06-25 19:05:10    S12-EURAUD-H1 — EURAUD H1+D1 LONG pw=8 pullback | test +0.232R DD -18.7%
2026-06-25 19:05:10    Piete: ['EURAUD']
2026-06-25 19:05:10    TF: H1 (trend D1) | PW=8 | BOTH
2026-06-25 19:05:10    Output: C:\Dev\trading-bot\data\live_signals\session12
2026-06-25 19:05:10  =================================================================
2026-06-25 19:05:14  MT5: 52906593 @ ICMarketsEU-Demo (DEMO)
2026-06-25 19:05:16  Simboluri active: ['EURAUD']
2026-06-25 19:05:16  Pornit. Ctrl+C pentru oprire.

2026-06-25 19:05:16  --- S12-EURAUD-H1 iter 1 @ 19:05:16 ---
2026-06-25 19:05:47    Niciun semnal nou. Pendinge: 0
2026-06-25 19:05:47    Urmatoarea bara 60min @ 20:00:05 — 3258s
2026-06-25 20:00:05  --- S12-EURAUD-H1 iter 2 @ 20:00:05 ---
2026-06-25 20:00:09    Niciun semnal nou. Pendinge: 0
2026-06-25 20:00:09    Urmatoarea bara 60min @ 21:00:05 — 3595s
2026-06-25 21:00:05  --- S12-EURAUD-H1 iter 3 @ 21:00:05 ---
2026-06-25 21:00:05    Niciun semnal nou. Pendinge: 0
2026-06-25 21:00:05    Urmatoarea bara 60min @ 22:00:05 — 3600s
2026-06-25 21:53:11    [PROFIL] Profil 'Standard Profile' aplicat pe session12.
2026-06-25 21:53:11  =================================================================
2026-06-25 21:53:11    S12-EURAUD-H1 — EURAUD H1+D1 LONG pw=8 pullback | test +0.232R DD -18.7%
2026-06-25 21:53:11    Piete: ['EURAUD']
2026-06-25 21:53:11    TF: H1 (trend D1) | PW=8 | BOTH
2026-06-25 21:53:11    Output: C:\Dev\trading-bot\data\live_signals\session12
2026-06-25 21:53:11  =================================================================
2026-06-25 21:53:11  MT5: 52906593 @ ICMarketsEU-Demo (DEMO)
2026-06-25 21:53:12  Simboluri active: ['EURAUD']
2026-06-25 21:53:12  Pornit. Ctrl+C pentru oprire.

2026-06-25 21:53:12  --- S12-EURAUD-H1 iter 1 @ 21:53:12 ---
2026-06-25 21:53:14    Niciun semnal nou. Pendinge: 0
2026-06-25 21:53:14    Urmatoarea bara 60min @ 22:00:05 — 410s
2026-06-25 22:00:05  --- S12-EURAUD-H1 iter 2 @ 22:00:05 ---
2026-06-25 22:00:05    Niciun semnal nou. Pendinge: 0
2026-06-25 22:00:05    Urmatoarea bara 60min @ 23:00:05 — 3600s
2026-06-25 23:00:05  --- S12-EURAUD-H1 iter 3 @ 23:00:05 ---
2026-06-25 23:00:05    Niciun semnal nou. Pendinge: 0
2026-06-25 23:00:05    Urmatoarea bara 60min @ 00:00:05 — 3599s
2026-06-26 00:00:05  --- S12-EURAUD-H1 iter 4 @ 00:00:05 ---
2026-06-26 00:00:06    Niciun semnal nou. Pendinge: 0
2026-06-26 00:00:06    Urmatoarea bara 60min @ 01:00:05 — 3599s
2026-06-26 01:00:05  --- S12-EURAUD-H1 iter 5 @ 01:00:05 ---
2026-06-26 01:00:05    Niciun semnal nou. Pendinge: 0
2026-06-26 01:00:05    Urmatoarea bara 60min @ 02:00:05 — 3600s
2026-06-26 02:00:05  --- S12-EURAUD-H1 iter 6 @ 02:00:05 ---
2026-06-26 02:00:05    Niciun semnal nou. Pendinge: 0
2026-06-26 02:00:05    Urmatoarea bara 60min @ 03:00:05 — 3599s
2026-06-26 03:00:05  --- S12-EURAUD-H1 iter 7 @ 03:00:05 ---
2026-06-26 03:00:05    Niciun semnal nou. Pendinge: 0
2026-06-26 03:00:05    Urmatoarea bara 60min @ 04:00:05 — 3600s
2026-06-26 04:00:05  --- S12-EURAUD-H1 iter 8 @ 04:00:05 ---
2026-06-26 04:00:05    Niciun semnal nou. Pendinge: 0
2026-06-26 04:00:05    Urmatoarea bara 60min @ 05:00:05 — 3600s
2026-06-26 05:00:05  --- S12-EURAUD-H1 iter 9 @ 05:00:05 ---
2026-06-26 05:00:05    Niciun semnal nou. Pendinge: 0
2026-06-26 05:00:05    Urmatoarea bara 60min @ 06:00:05 — 3599s
2026-06-26 06:00:05  --- S12-EURAUD-H1 iter 10 @ 06:00:05 ---
2026-06-26 06:00:05    Niciun semnal nou. Pendinge: 0
2026-06-26 06:00:05    Urmatoarea bara 60min @ 07:00:05 — 3600s
2026-06-26 07:00:05  --- S12-EURAUD-H1 iter 11 @ 07:00:05 ---
2026-06-26 07:00:05    Niciun semnal nou. Pendinge: 0
2026-06-26 07:00:05    Urmatoarea bara 60min @ 08:00:05 — 3600s
2026-06-26 08:00:05  --- S12-EURAUD-H1 iter 12 @ 08:00:05 ---
2026-06-26 08:00:05    Niciun semnal nou. Pendinge: 0
2026-06-26 08:00:05    Urmatoarea bara 60min @ 09:00:05 — 3600s
2026-06-26 09:00:05  --- S12-EURAUD-H1 iter 13 @ 09:00:05 ---
2026-06-26 09:00:05    Niciun semnal nou. Pendinge: 0
2026-06-26 09:00:05    Urmatoarea bara 60min @ 10:00:05 — 3600s
2026-06-26 10:00:05  --- S12-EURAUD-H1 iter 14 @ 10:00:05 ---
2026-06-26 10:00:05    *** SEMNAL [INSIDE_BAR]: S12-EURAUD-H1-IB0001 EURAUD SHORT entry=1.64849 sl=1.65249 tp=1.64049 (2.0R) RSI=56
2026-06-26 10:00:06    [EXEC] *** ORDIN: S12-EURAUD-H1-IB0001 EURAUD SHORT 0.01lot @ 1.64849  SL=1.65249  TP=1.64049  ticket=#1730387661
2026-06-26 10:00:18    Urmatoarea bara 60min @ 11:00:05 — 3587s
2026-06-26 11:00:05  --- S12-EURAUD-H1 iter 15 @ 11:00:05 ---
2026-06-26 11:00:47    [EXEC] S12-EURAUD-H1-IB0001: ordin MT5 #1730387661 anulat (invalidat)
2026-06-26 11:00:53    Niciun semnal nou. Pendinge: 0
2026-06-26 11:00:53    Urmatoarea bara 60min @ 12:00:05 — 3551s
2026-06-26 11:28:29    [PROFIL] Profil 'Standard Profile' aplicat pe session12.
2026-06-26 11:28:29  =================================================================
2026-06-26 11:28:29    S12-EURAUD-H1 — EURAUD H1+D1 LONG pw=8 pullback | test +0.232R DD -18.7%
2026-06-26 11:28:29    Piete: ['EURAUD']
2026-06-26 11:28:29    TF: H1 (trend D1) | PW=8 | BOTH
2026-06-26 11:28:29    Output: C:\Dev\trading-bot\data\live_signals\session12
2026-06-26 11:28:29  =================================================================
2026-06-26 11:28:29  MT5: 52906593 @ ICMarketsEU-Demo (DEMO)
2026-06-26 11:28:29  Simboluri active: ['EURAUD']
2026-06-26 11:28:29  Pornit. Ctrl+C pentru oprire.

2026-06-26 11:28:29  --- S12-EURAUD-H1 iter 1 @ 11:28:29 ---
2026-06-26 11:28:31    Niciun semnal nou. Pendinge: 0
2026-06-26 11:28:31    Urmatoarea bara 60min @ 12:00:05 — 1893s
2026-06-26 12:00:05  --- S12-EURAUD-H1 iter 2 @ 12:00:05 ---
2026-06-26 12:00:06    Niciun semnal nou. Pendinge: 0
2026-06-26 12:00:06    Urmatoarea bara 60min @ 13:00:05 — 3599s
2026-06-26 13:00:05  --- S12-EURAUD-H1 iter 3 @ 13:00:05 ---
2026-06-26 13:00:05    Niciun semnal nou. Pendinge: 0
2026-06-26 13:00:05    Urmatoarea bara 60min @ 14:00:05 — 3600s
2026-06-26 14:00:05  --- S12-EURAUD-H1 iter 4 @ 14:00:05 ---
2026-06-26 14:00:05    Niciun semnal nou. Pendinge: 0
2026-06-26 14:00:05    Urmatoarea bara 60min @ 15:00:05 — 3599s
2026-06-26 14:19:33    [PROFIL] Profil 'Standard Profile' aplicat pe session12.
2026-06-26 14:19:33  =================================================================
2026-06-26 14:19:33    S12-EURAUD-H1 — EURAUD H1+D1 LONG pw=8 pullback | test +0.232R DD -18.7%
2026-06-26 14:19:33    Piete: ['EURAUD']
2026-06-26 14:19:33    TF: H1 (trend D1) | PW=8 | BOTH
2026-06-26 14:19:33    Output: C:\Dev\trading-bot\data\live_signals\session12
2026-06-26 14:19:33  =================================================================
2026-06-26 14:19:33  MT5: 52906593 @ ICMarketsEU-Demo (DEMO)
2026-06-26 14:19:33  Simboluri active: ['EURAUD']
2026-06-26 14:19:33  Pornit. Ctrl+C pentru oprire.

2026-06-26 14:19:33  --- S12-EURAUD-H1 iter 1 @ 14:19:33 ---
2026-06-26 14:19:34    Niciun semnal nou. Pendinge: 0
2026-06-26 14:19:34    Urmatoarea bara 60min @ 15:00:05 — 2431s
2026-06-26 14:47:31    [PROFIL] Profil 'Standard Profile' aplicat pe session12.
2026-06-26 14:47:31  =================================================================
2026-06-26 14:47:31    S12-EURAUD-H1 — EURAUD H1+D1 LONG pw=8 pullback | test +0.232R DD -18.7%
2026-06-26 14:47:31    Piete: ['EURAUD']
2026-06-26 14:47:31    TF: H1 (trend D1) | PW=8 | BOTH
2026-06-26 14:47:31    Output: C:\Dev\trading-bot\data\live_signals\session12
2026-06-26 14:47:31  =================================================================
2026-06-26 14:47:31  MT5: 52906593 @ ICMarketsEU-Demo (DEMO)
2026-06-26 14:47:31  Simboluri active: ['EURAUD']
2026-06-26 14:47:31  Pornit. Ctrl+C pentru oprire.

2026-06-26 14:47:31  --- S12-EURAUD-H1 iter 1 @ 14:47:31 ---
2026-06-26 14:47:31    Niciun semnal nou. Pendinge: 0
2026-06-26 14:47:31    Urmatoarea bara 60min @ 15:00:05 — 754s
2026-06-26 15:00:05  --- S12-EURAUD-H1 iter 2 @ 15:00:05 ---
2026-06-26 15:00:05    Niciun semnal nou. Pendinge: 0
2026-06-26 15:00:05    Urmatoarea bara 60min @ 16:00:05 — 3600s
2026-06-26 15:12:18    [PROFIL] Profil 'Standard Profile' aplicat pe session12.
2026-06-26 15:12:18  =================================================================
2026-06-26 15:12:18    S12-EURAUD-H1 — EURAUD H1+D1 LONG pw=8 pullback | test +0.232R DD -18.7%
2026-06-26 15:12:18    Piete: ['EURAUD']
2026-06-26 15:12:18    TF: H1 (trend D1) | PW=8 | BOTH
2026-06-26 15:12:18    Output: C:\Dev\trading-bot\data\live_signals\session12
2026-06-26 15:12:18  =================================================================
2026-06-26 15:12:18  MT5: 52906593 @ ICMarketsEU-Demo (DEMO)
2026-06-26 15:12:18  Simboluri active: ['EURAUD']
2026-06-26 15:12:18  Pornit. Ctrl+C pentru oprire.

2026-06-26 15:12:18  --- S12-EURAUD-H1 iter 1 @ 15:12:18 ---
2026-06-26 15:12:18    Niciun semnal nou. Pendinge: 0
2026-06-26 15:12:18    Urmatoarea bara 60min @ 16:00:05 — 2867s
2026-06-26 16:00:05  --- S12-EURAUD-H1 iter 2 @ 16:00:05 ---
2026-06-26 16:00:17    Niciun semnal nou. Pendinge: 0
2026-06-26 16:00:17    Urmatoarea bara 60min @ 17:00:05 — 3588s
2026-06-26 16:32:25    [PROFIL] Profil 'Standard Profile' aplicat pe session12.
2026-06-26 16:32:25  =================================================================
2026-06-26 16:32:25    S12-EURAUD-H1 — EURAUD H1+D1 LONG pw=8 pullback | test +0.232R DD -18.7%
2026-06-26 16:32:25    Piete: ['EURAUD']
2026-06-26 16:32:25    TF: H1 (trend D1) | PW=8 | BOTH
2026-06-26 16:32:25    Output: C:\Dev\trading-bot\data\live_signals\session12
2026-06-26 16:32:25  =================================================================
2026-06-26 16:32:26  MT5: 52906593 @ ICMarketsEU-Demo (DEMO)
2026-06-26 16:32:26  Simboluri active: ['EURAUD']
2026-06-26 16:32:26  Pornit. Ctrl+C pentru oprire.

2026-06-26 16:32:26  --- S12-EURAUD-H1 iter 1 @ 16:32:26 ---
2026-06-26 16:32:59    Niciun semnal nou. Pendinge: 0
2026-06-26 16:32:59    Urmatoarea bara 60min @ 17:00:05 — 1625s
2026-06-26 17:00:05  --- S12-EURAUD-H1 iter 2 @ 17:00:05 ---
2026-06-26 17:03:05    Niciun semnal nou. Pendinge: 0
2026-06-26 17:03:05    Urmatoarea bara 60min @ 18:00:05 — 3420s
2026-06-26 18:00:05  --- S12-EURAUD-H1 iter 3 @ 18:00:05 ---
2026-06-26 18:00:05    Niciun semnal nou. Pendinge: 0
2026-06-26 18:00:05    Urmatoarea bara 60min @ 19:00:05 — 3600s
2026-06-26 19:00:05  --- S12-EURAUD-H1 iter 4 @ 19:00:05 ---
2026-06-26 19:00:05    Niciun semnal nou. Pendinge: 0
2026-06-26 19:00:05    Urmatoarea bara 60min @ 20:00:05 — 3599s
2026-06-26 20:00:05  --- S12-EURAUD-H1 iter 5 @ 20:00:05 ---
2026-06-26 20:00:05    [VINERI] Ora 20:00 >= 20:00 — inchid pozitii deschise.
2026-06-26 20:00:05    Niciun semnal nou. Pendinge: 0
2026-06-26 20:00:05    Urmatoarea bara 60min @ 21:00:05 — 3600s
2026-06-26 21:00:05  --- S12-EURAUD-H1 iter 6 @ 21:00:05 ---
2026-06-26 21:00:06    Niciun semnal nou. Pendinge: 0
2026-06-26 21:00:06    Urmatoarea bara 60min @ 22:00:05 — 3599s
2026-06-26 21:03:07    [PROFIL] Profil 'Standard Profile' aplicat pe session12.
2026-06-26 21:03:07  =================================================================
2026-06-26 21:03:07    S12-EURAUD-H1 — EURAUD H1+D1 LONG pw=8 pullback | test +0.232R DD -18.7%
2026-06-26 21:03:07    Piete: ['EURAUD']
2026-06-26 21:03:07    TF: H1 (trend D1) | PW=8 | BOTH
2026-06-26 21:03:07    Output: C:\Dev\trading-bot\data\live_signals\session12
2026-06-26 21:03:07  =================================================================
2026-06-26 21:03:07  MT5: 52906593 @ ICMarketsEU-Demo (DEMO)
2026-06-26 21:03:08  Simboluri active: ['EURAUD']
2026-06-26 21:03:08  Pornit. Ctrl+C pentru oprire.

2026-06-26 21:03:08  --- S12-EURAUD-H1 iter 1 @ 21:03:08 ---
2026-06-26 21:03:08    Niciun semnal nou. Pendinge: 0
2026-06-26 21:03:08    Urmatoarea bara 60min @ 22:00:05 — 3416s
2026-06-26 21:32:14    [PROFIL] Profil 'Standard Profile' aplicat pe session12.
2026-06-26 21:32:14  =================================================================
2026-06-26 21:32:14    S12-EURAUD-H1 — EURAUD H1+D1 LONG pw=8 pullback | test +0.232R DD -18.7%
2026-06-26 21:32:14    Piete: ['EURAUD']
2026-06-26 21:32:14    TF: H1 (trend D1) | PW=8 | BOTH
2026-06-26 21:32:14    Output: C:\Dev\trading-bot\data\live_signals\session12
2026-06-26 21:32:14  =================================================================
2026-06-26 21:32:14  MT5: 52906593 @ ICMarketsEU-Demo (DEMO)
2026-06-26 21:32:14  Simboluri active: ['EURAUD']
2026-06-26 21:32:14  Pornit. Ctrl+C pentru oprire.

2026-06-26 21:32:14  --- S12-EURAUD-H1 iter 1 @ 21:32:14 ---
2026-06-26 21:32:15    Niciun semnal nou. Pendinge: 0
2026-06-26 21:32:15    Urmatoarea bara 60min @ 22:00:05 — 1670s
2026-06-26 22:00:05  --- S12-EURAUD-H1 iter 2 @ 22:00:05 ---
2026-06-26 22:00:05    Niciun semnal nou. Pendinge: 0
2026-06-26 22:00:05    Urmatoarea bara 60min @ 23:00:05 — 3599s
2026-06-26 23:00:05  --- S12-EURAUD-H1 iter 3 @ 23:00:05 ---
2026-06-26 23:00:05    Niciun semnal nou. Pendinge: 0
2026-06-26 23:00:05    Urmatoarea bara 60min @ 00:00:05 — 3600s
2026-06-27 00:00:05  --- S12-EURAUD-H1 iter 4 @ 00:00:05 ---
2026-06-27 00:00:05    Niciun semnal nou. Pendinge: 0
2026-06-27 00:00:05    Urmatoarea bara 60min @ 01:00:05 — 3599s
2026-06-27 01:00:05  --- S12-EURAUD-H1 iter 5 @ 01:00:05 ---
2026-06-27 01:00:05    Niciun semnal nou. Pendinge: 0
2026-06-27 01:00:05    Urmatoarea bara 60min @ 02:00:05 — 3600s
2026-06-27 02:00:05  --- S12-EURAUD-H1 iter 6 @ 02:00:05 ---
2026-06-27 02:00:05    Niciun semnal nou. Pendinge: 0
2026-06-27 02:00:05    Urmatoarea bara 60min @ 03:00:05 — 3600s
2026-06-27 03:00:05  --- S12-EURAUD-H1 iter 7 @ 03:00:05 ---
2026-06-27 03:00:05    Niciun semnal nou. Pendinge: 0
2026-06-27 03:00:05    Urmatoarea bara 60min @ 04:00:05 — 3600s
2026-06-27 04:00:05  --- S12-EURAUD-H1 iter 8 @ 04:00:05 ---
2026-06-27 04:00:05    Niciun semnal nou. Pendinge: 0
2026-06-27 04:00:05    Urmatoarea bara 60min @ 05:00:05 — 3600s
2026-06-27 05:00:05  --- S12-EURAUD-H1 iter 9 @ 05:00:05 ---
2026-06-27 05:00:05    Niciun semnal nou. Pendinge: 0
2026-06-27 05:00:05    Urmatoarea bara 60min @ 06:00:05 — 3600s
2026-06-27 06:00:05  --- S12-EURAUD-H1 iter 10 @ 06:00:05 ---
2026-06-27 06:00:05    Niciun semnal nou. Pendinge: 0
2026-06-27 06:00:05    Urmatoarea bara 60min @ 07:00:05 — 3600s
2026-06-27 07:00:05  --- S12-EURAUD-H1 iter 11 @ 07:00:05 ---
2026-06-27 07:00:05    Niciun semnal nou. Pendinge: 0
2026-06-27 07:00:05    Urmatoarea bara 60min @ 08:00:05 — 3599s
2026-06-27 08:00:05  --- S12-EURAUD-H1 iter 12 @ 08:00:05 ---
2026-06-27 08:00:05    Niciun semnal nou. Pendinge: 0
2026-06-27 08:00:05    Urmatoarea bara 60min @ 09:00:05 — 3599s
2026-06-27 09:00:05  --- S12-EURAUD-H1 iter 13 @ 09:00:05 ---
2026-06-27 09:00:05    Niciun semnal nou. Pendinge: 0
2026-06-27 09:00:05    Urmatoarea bara 60min @ 10:00:05 — 3600s
2026-06-28 21:29:40    [PROFIL] Profil 'Standard Profile' aplicat pe session12.
2026-06-28 21:29:40  =================================================================
2026-06-28 21:29:40    S12-EURAUD-H1 — EURAUD H1+D1 LONG pw=8 pullback | test +0.232R DD -18.7%
2026-06-28 21:29:40    Piete: ['EURAUD']
2026-06-28 21:29:40    TF: H1 (trend D1) | PW=8 | BOTH
2026-06-28 21:29:40    Output: C:\Dev\trading-bot\data\live_signals\session12
2026-06-28 21:29:40  =================================================================
2026-06-28 21:29:42  MT5: 52906593 @ ICMarketsEU-Demo (DEMO)
2026-06-28 21:29:43  Simboluri active: ['EURAUD']
2026-06-28 21:29:43  Pornit. Ctrl+C pentru oprire.

2026-06-28 21:29:43  --- S12-EURAUD-H1 iter 1 @ 21:29:43 ---
2026-06-28 21:29:55    Niciun semnal nou. Pendinge: 0
2026-06-28 21:29:55    Urmatoarea bara 60min @ 22:00:05 — 1810s
2026-06-28 22:00:05  --- S12-EURAUD-H1 iter 2 @ 22:00:05 ---
2026-06-28 22:00:06    Niciun semnal nou. Pendinge: 0
2026-06-28 22:00:06    Urmatoarea bara 60min @ 23:00:05 — 3598s
2026-06-28 22:44:35    [PROFIL] Profil 'Standard Profile' aplicat pe session12.
2026-06-28 22:44:35  =================================================================
2026-06-28 22:44:35    S12-EURAUD-H1 — EURAUD H1+D1 LONG pw=8 pullback | test +0.232R DD -18.7%
2026-06-28 22:44:35    Piete: ['EURAUD']
2026-06-28 22:44:35    TF: H1 (trend D1) | PW=8 | BOTH
2026-06-28 22:44:35    Output: C:\Dev\trading-bot\data\live_signals\session12
2026-06-28 22:44:35  =================================================================
2026-06-28 22:44:35  MT5 nu e disponibil: mt5.initialize() a esuat: (-6, 'Terminal: Authorization failed')
2026-06-29 06:54:54    [PROFIL] Profil 'Standard Profile' aplicat pe session12.
2026-06-29 06:54:54  =================================================================
2026-06-29 06:54:54    S12-EURAUD-H1 — EURAUD H1+D1 LONG pw=8 pullback | test +0.232R DD -18.7%
2026-06-29 06:54:54    Piete: ['EURAUD']
2026-06-29 06:54:54    TF: H1 (trend D1) | PW=8 | BOTH
2026-06-29 06:54:54    Output: C:\Dev\trading-bot\data\live_signals\session12
2026-06-29 06:54:54  =================================================================
2026-06-29 06:54:55  MT5: 52906593 @ ICMarketsEU-Demo (DEMO)
2026-06-29 06:54:58  Simboluri active: ['EURAUD']
2026-06-29 06:54:58  Pornit. Ctrl+C pentru oprire.

2026-06-29 06:54:58  --- S12-EURAUD-H1 iter 1 @ 06:54:58 ---
2026-06-29 06:55:00    Niciun semnal nou. Pendinge: 0
2026-06-29 06:55:00    Urmatoarea bara 60min @ 07:00:05 — 305s
2026-06-29 07:00:05  --- S12-EURAUD-H1 iter 2 @ 07:00:05 ---
2026-06-29 07:00:05    Niciun semnal nou. Pendinge: 0
2026-06-29 07:00:05    Urmatoarea bara 60min @ 08:00:05 — 3600s
2026-06-29 08:00:04  --- S12-EURAUD-H1 iter 3 @ 08:00:04 ---
2026-06-29 08:00:04    Niciun semnal nou. Pendinge: 0
2026-06-29 08:00:04    Urmatoarea bara 60min @ 09:00:05 — 3600s
2026-06-29 09:00:04  --- S12-EURAUD-H1 iter 4 @ 09:00:04 ---
2026-06-29 09:00:04    Niciun semnal nou. Pendinge: 0
2026-06-29 09:00:04    Urmatoarea bara 60min @ 10:00:05 — 3600s
2026-06-29 22:42:54    [PROFIL] Profil 'Standard Profile' aplicat pe session12.
2026-06-29 22:42:55  =================================================================
2026-06-29 22:42:55    S12-EURAUD-H1 — EURAUD H1+D1 LONG pw=8 pullback | test +0.232R DD -18.7%
2026-06-29 22:42:55    Piete: ['EURAUD']
2026-06-29 22:42:55    TF: H1 (trend D1) | PW=8 | BOTH
2026-06-29 22:42:55    Output: C:\Dev\trading-bot\data\live_signals\session12
2026-06-29 22:42:55  =================================================================
2026-06-29 22:42:55  MT5: 52906593 @ ICMarketsEU-Demo (DEMO)
2026-06-29 22:42:55  Simboluri active: ['EURAUD']
2026-06-29 22:42:55  Pornit. Ctrl+C pentru oprire.

2026-06-29 22:42:55  --- S12-EURAUD-H1 iter 1 @ 22:42:55 ---
2026-06-29 22:42:57    *** SEMNAL [INSIDE_BAR]: S12-EURAUD-H1-IB0002 EURAUD SHORT entry=1.65783 sl=1.65936 tp=1.65477 (2.0R) RSI=66
2026-06-29 22:43:09    [EXEC] *** ORDIN: S12-EURAUD-H1-IB0002 EURAUD SHORT 0.02lot @ 1.65783  SL=1.65936  TP=1.65477  ticket=#1780964887
2026-06-29 22:43:09    Urmatoarea bara 60min @ 23:00:05 — 1015s
2026-06-29 23:00:05  --- S12-EURAUD-H1 iter 2 @ 23:00:05 ---
2026-06-29 23:00:05    Niciun semnal nou. Pendinge: 1
2026-06-29 23:00:05    Urmatoarea bara 60min @ 00:00:05 — 3600s
2026-06-30 00:00:05  --- S12-EURAUD-H1 iter 3 @ 00:00:05 ---
2026-06-30 00:00:05    TRIGGERAT: S12-EURAUD-H1-IB0002 EURAUD SHORT @ 1.65783
2026-06-30 00:00:05    Niciun semnal nou. Pendinge: 1
2026-06-30 00:00:05    Urmatoarea bara 60min @ 01:00:05 — 3599s
2026-06-30 01:00:05  --- S12-EURAUD-H1 iter 4 @ 01:00:05 ---
2026-06-30 01:00:05    [MT5] Pozitie #1780964887 inchisa: exit=1.6596199999999999  result=-1.170R  pnl=-3.00USD  [SL]
2026-06-30 01:00:05    PIERDERE (MT5): S12-EURAUD-H1-IB0002 SL -1.170R
2026-06-30 01:00:05    Niciun semnal nou. Pendinge: 0
2026-06-30 01:00:05    Urmatoarea bara 60min @ 02:00:05 — 3600s
2026-06-30 02:00:05  --- S12-EURAUD-H1 iter 5 @ 02:00:05 ---
2026-06-30 02:00:05    Niciun semnal nou. Pendinge: 0
2026-06-30 02:00:05    Urmatoarea bara 60min @ 03:00:05 — 3600s
2026-06-30 03:00:05  --- S12-EURAUD-H1 iter 6 @ 03:00:05 ---
2026-06-30 03:00:05    Niciun semnal nou. Pendinge: 0
2026-06-30 03:00:05    Urmatoarea bara 60min @ 04:00:05 — 3600s
2026-06-30 04:00:05  --- S12-EURAUD-H1 iter 7 @ 04:00:05 ---
2026-06-30 04:00:05    Niciun semnal nou. Pendinge: 0
2026-06-30 04:00:05    Urmatoarea bara 60min @ 05:00:05 — 3600s
2026-06-30 05:00:05  --- S12-EURAUD-H1 iter 8 @ 05:00:05 ---
2026-06-30 05:00:05    Niciun semnal nou. Pendinge: 0
2026-06-30 05:00:05    Urmatoarea bara 60min @ 06:00:05 — 3600s
2026-06-30 06:00:05  --- S12-EURAUD-H1 iter 9 @ 06:00:05 ---
2026-06-30 06:00:05    Niciun semnal nou. Pendinge: 0
2026-06-30 06:00:05    Urmatoarea bara 60min @ 07:00:05 — 3600s
2026-06-30 07:00:05  --- S12-EURAUD-H1 iter 10 @ 07:00:05 ---
2026-06-30 07:00:05    *** SEMNAL [INSIDE_BAR]: S12-EURAUD-H1-IB0003 EURAUD SHORT entry=1.65901 sl=1.66136 tp=1.65431 (2.0R) RSI=61
2026-06-30 07:00:06    [EXEC] *** ORDIN: S12-EURAUD-H1-IB0003 EURAUD SHORT 0.01lot @ 1.65901  SL=1.66136  TP=1.65431  ticket=#1781542994
2026-06-30 07:00:06    Urmatoarea bara 60min @ 08:00:05 — 3599s
2026-06-30 08:00:05  --- S12-EURAUD-H1 iter 11 @ 08:00:05 ---
2026-06-30 08:00:06    TRIGGERAT: S12-EURAUD-H1-IB0003 EURAUD SHORT @ 1.65901
2026-06-30 08:00:06    Niciun semnal nou. Pendinge: 1
2026-06-30 08:00:06    Urmatoarea bara 60min @ 09:00:05 — 3599s
2026-06-30 09:00:05  --- S12-EURAUD-H1 iter 12 @ 09:00:05 ---
2026-06-30 09:00:05    Niciun semnal nou. Pendinge: 1
2026-06-30 09:00:05    Urmatoarea bara 60min @ 10:00:05 — 3599s
2026-06-30 09:18:48    [PROFIL] Profil 'Standard Profile' aplicat pe session12.
2026-06-30 09:18:48  =================================================================
2026-06-30 09:18:48    S12-EURAUD-H1 — EURAUD H1+D1 LONG pw=8 pullback | test +0.232R DD -18.7%
2026-06-30 09:18:48    Piete: ['EURAUD']
2026-06-30 09:18:48    TF: H1 (trend D1) | PW=8 | BOTH
2026-06-30 09:18:48    Output: C:\Dev\trading-bot\data\live_signals\session12
2026-06-30 09:18:48  =================================================================
2026-06-30 09:18:48  MT5: 52906593 @ ICMarketsEU-Demo (DEMO)
2026-06-30 09:18:48  Simboluri active: ['EURAUD']
2026-06-30 09:18:48  Pornit. Ctrl+C pentru oprire.

2026-06-30 09:18:48  --- S12-EURAUD-H1 iter 1 @ 09:18:48 ---
2026-06-30 09:18:48    Niciun semnal nou. Pendinge: 1
2026-06-30 09:18:48    Urmatoarea bara 60min @ 10:00:05 — 2476s
2026-07-01 22:59:00    [PROFIL] Profil 'Standard Profile' aplicat pe session12.
2026-07-01 22:59:00  =================================================================
2026-07-01 22:59:00    S12-EURAUD-H1 — EURAUD H1+D1 LONG pw=8 pullback | test +0.232R DD -18.7%
2026-07-01 22:59:00    Piete: ['EURAUD']
2026-07-01 22:59:00    TF: H1 (trend D1) | PW=8 | BOTH
2026-07-01 22:59:00    Output: C:\Dev\trading-bot\data\live_signals\session12
2026-07-01 22:59:00  =================================================================
2026-07-01 22:59:01  MT5: 52906593 @ ICMarketsEU-Demo (DEMO)
2026-07-01 22:59:01    [ORPHAN] Nicio pozitie MT5 fara corespondent — state consistent cu MT5.
2026-07-01 22:59:01  Simboluri active: ['EURAUD']
2026-07-01 22:59:01  Pornit. Ctrl+C pentru oprire.

2026-07-01 22:59:01  --- S12-EURAUD-H1 iter 1 @ 22:59:01 ---
2026-07-01 22:59:03    [MT5] Pozitie #1781542994 inchisa: exit=1.65431  result=+2.000R  pnl=+3.23USD  comm=-0.08  swap=+0.00  [TP]
2026-07-01 22:59:03    PROFIT (MT5): S12-EURAUD-H1-IB0003 TP +2.000R
2026-07-01 22:59:03    Niciun semnal nou. Pendinge: 0
2026-07-01 22:59:03    Urmatoarea bara 60min @ 23:00:05 — 61s
2026-07-01 23:00:05  --- S12-EURAUD-H1 iter 2 @ 23:00:05 ---
2026-07-01 23:00:05    Niciun semnal nou. Pendinge: 0
2026-07-01 23:00:05    Urmatoarea bara 60min @ 00:00:05 — 3599s
2026-07-01 23:14:36    [PROFIL] Profil 'Standard Profile' aplicat pe session12.
2026-07-01 23:14:36  =================================================================
2026-07-01 23:14:36    S12-EURAUD-H1 — EURAUD H1+D1 LONG pw=8 pullback | test +0.232R DD -18.7%
2026-07-01 23:14:36    Piete: ['EURAUD']
2026-07-01 23:14:36    TF: H1 (trend D1) | PW=8 | BOTH
2026-07-01 23:14:36    Output: C:\Dev\trading-bot\data\live_signals\session12
2026-07-01 23:14:36  =================================================================
2026-07-01 23:14:36  MT5: 52906593 @ ICMarketsEU-Demo (DEMO)
2026-07-01 23:14:36    [MIGRATE] Cheie goala stearsa din pending: 'EURAUD'
2026-07-01 23:14:36    [MIGRATE] Migrare pending: 0 semnale migrate, 1 chei goale sterse.
2026-07-01 23:14:36    [ORPHAN] Nicio pozitie MT5 fara corespondent — state consistent cu MT5.
2026-07-01 23:14:37  Simboluri active: ['EURAUD']
2026-07-01 23:14:37  Pornit. Ctrl+C pentru oprire.

2026-07-01 23:14:37  --- S12-EURAUD-H1 iter 1 @ 23:14:37 ---
2026-07-01 23:14:37    Niciun semnal nou. Pendinge: 0
2026-07-01 23:14:37    Urmatoarea bara 60min @ 00:00:05 — 2727s
2026-07-01 23:21:39    [PROFIL] Profil 'Standard Profile' aplicat pe session12.
2026-07-01 23:21:39  =================================================================
2026-07-01 23:21:39    S12-EURAUD-H1 — EURAUD H1+D1 LONG pw=8 pullback | test +0.232R DD -18.7%
2026-07-01 23:21:39    Piete: ['EURAUD']
2026-07-01 23:21:39    TF: H1 (trend D1) | PW=8 | BOTH
2026-07-01 23:21:39    Output: C:\Dev\trading-bot\data\live_signals\session12
2026-07-01 23:21:39  =================================================================
2026-07-01 23:21:40  MT5: 52906593 @ ICMarketsEU-Demo (DEMO)
2026-07-01 23:21:40    [ORPHAN] Nicio pozitie MT5 fara corespondent — state consistent cu MT5.
2026-07-01 23:21:40  Simboluri active: ['EURAUD']
2026-07-01 23:21:40  Pornit. Ctrl+C pentru oprire.

2026-07-01 23:21:40  --- S12-EURAUD-H1 iter 1 @ 23:21:40 ---
2026-07-01 23:21:40    Niciun semnal nou. Pendinge: 0
2026-07-01 23:21:40    Urmatoarea bara 60min @ 00:00:05 — 2305s
2026-07-01 23:33:51    [PROFIL] Profil 'Standard Profile' aplicat pe session12.
2026-07-01 23:33:51  =================================================================
2026-07-01 23:33:51    S12-EURAUD-H1 — EURAUD H1+D1 LONG pw=8 pullback | test +0.232R DD -18.7%
2026-07-01 23:33:51    Piete: ['EURAUD']
2026-07-01 23:33:51    TF: H1 (trend D1) | PW=8 | BOTH
2026-07-01 23:33:51    Output: C:\Dev\trading-bot\data\live_signals\session12
2026-07-01 23:33:51  =================================================================
2026-07-01 23:33:51  MT5: 52906593 @ ICMarketsEU-Demo (DEMO)
2026-07-01 23:33:51    [ORPHAN] Nicio pozitie MT5 fara corespondent — state consistent cu MT5.
2026-07-01 23:33:51  Simboluri active: ['EURAUD']
2026-07-01 23:33:51  Pornit. Ctrl+C pentru oprire.

2026-07-01 23:33:51  --- S12-EURAUD-H1 iter 1 @ 23:33:51 ---
2026-07-01 23:33:52    Niciun semnal nou. Pendinge: 0
2026-07-01 23:33:52    Urmatoarea bara 60min @ 00:00:05 — 1573s
2026-07-02 00:00:05  --- S12-EURAUD-H1 iter 2 @ 00:00:05 ---
2026-07-02 00:00:05    Niciun semnal nou. Pendinge: 0
2026-07-02 00:00:05    Urmatoarea bara 60min @ 01:00:05 — 3600s
2026-07-02 01:00:05  --- S12-EURAUD-H1 iter 3 @ 01:00:05 ---
2026-07-02 01:00:05    Niciun semnal nou. Pendinge: 0
2026-07-02 01:00:05    Urmatoarea bara 60min @ 02:00:05 — 3599s
2026-07-02 02:00:05  --- S12-EURAUD-H1 iter 4 @ 02:00:05 ---
2026-07-02 02:00:05    Niciun semnal nou. Pendinge: 0
2026-07-02 02:00:05    Urmatoarea bara 60min @ 03:00:05 — 3600s
2026-07-02 03:00:05  --- S12-EURAUD-H1 iter 5 @ 03:00:05 ---
2026-07-02 03:00:08    Niciun semnal nou. Pendinge: 0
2026-07-02 03:00:08    Urmatoarea bara 60min @ 04:00:05 — 3596s
2026-07-02 04:00:05  --- S12-EURAUD-H1 iter 6 @ 04:00:05 ---
2026-07-02 04:00:05    Niciun semnal nou. Pendinge: 0
2026-07-02 04:00:05    Urmatoarea bara 60min @ 05:00:05 — 3600s
2026-07-02 05:00:05  --- S12-EURAUD-H1 iter 7 @ 05:00:05 ---
2026-07-02 05:00:05    Niciun semnal nou. Pendinge: 0
2026-07-02 05:00:05    Urmatoarea bara 60min @ 06:00:05 — 3600s
2026-07-02 06:00:05  --- S12-EURAUD-H1 iter 8 @ 06:00:05 ---
2026-07-02 06:00:05    Niciun semnal nou. Pendinge: 0
2026-07-02 06:00:05    Urmatoarea bara 60min @ 07:00:05 — 3599s
2026-07-02 07:00:05  --- S12-EURAUD-H1 iter 9 @ 07:00:05 ---
2026-07-02 07:00:05    Niciun semnal nou. Pendinge: 0
2026-07-02 07:00:05    Urmatoarea bara 60min @ 08:00:05 — 3600s
2026-07-02 08:00:05  --- S12-EURAUD-H1 iter 10 @ 08:00:05 ---
2026-07-02 08:00:05    Niciun semnal nou. Pendinge: 0
2026-07-02 08:00:05    Urmatoarea bara 60min @ 09:00:05 — 3599s
2026-07-02 09:00:05  --- S12-EURAUD-H1 iter 11 @ 09:00:05 ---
2026-07-02 09:00:05    Niciun semnal nou. Pendinge: 0
2026-07-02 09:00:05    Urmatoarea bara 60min @ 10:00:05 — 3600s
2026-07-02 10:00:05  --- S12-EURAUD-H1 iter 12 @ 10:00:05 ---
2026-07-02 10:00:05    Niciun semnal nou. Pendinge: 0
2026-07-02 10:00:05    Urmatoarea bara 60min @ 11:00:05 — 3600s
2026-07-02 11:00:05  --- S12-EURAUD-H1 iter 13 @ 11:00:05 ---
2026-07-02 11:00:05    Niciun semnal nou. Pendinge: 0
2026-07-02 11:00:05    Urmatoarea bara 60min @ 12:00:05 — 3600s
2026-07-02 12:00:05  --- S12-EURAUD-H1 iter 14 @ 12:00:05 ---
2026-07-02 12:00:05    Niciun semnal nou. Pendinge: 0
2026-07-02 12:00:05    Urmatoarea bara 60min @ 13:00:05 — 3600s
2026-07-02 13:00:05  --- S12-EURAUD-H1 iter 15 @ 13:00:05 ---
2026-07-02 13:00:05    Niciun semnal nou. Pendinge: 0
2026-07-02 13:00:05    Urmatoarea bara 60min @ 14:00:05 — 3599s
2026-07-02 14:00:05  --- S12-EURAUD-H1 iter 16 @ 14:00:05 ---
2026-07-02 14:00:05    Niciun semnal nou. Pendinge: 0
2026-07-02 14:00:05    Urmatoarea bara 60min @ 15:00:05 — 3600s
2026-07-02 14:33:03    [PROFIL] Profil 'Standard Profile' aplicat pe session12.
2026-07-02 14:33:03  =================================================================
2026-07-02 14:33:03    S12-EURAUD-H1 — EURAUD H1+D1 LONG pw=8 pullback | test +0.232R DD -18.7%
2026-07-02 14:33:03    Piete: ['EURAUD']
2026-07-02 14:33:03    TF: H1 (trend D1) | PW=8 | BOTH
2026-07-02 14:33:03    Output: C:\Dev\trading-bot\data\live_signals\session12
2026-07-02 14:33:03  =================================================================
2026-07-02 14:33:04  MT5: 52906593 @ ICMarketsEU-Demo (DEMO)
2026-07-02 14:33:04    [ORPHAN] Nicio pozitie MT5 fara corespondent — state consistent cu MT5.
2026-07-02 14:33:04  Simboluri active: ['EURAUD']
2026-07-02 14:33:04  Pornit. Ctrl+C pentru oprire.

2026-07-02 14:33:04  --- S12-EURAUD-H1 iter 1 @ 14:33:04 ---
2026-07-02 14:33:05    Niciun semnal nou. Pendinge: 0
2026-07-02 14:33:05    Urmatoarea bara 60min @ 15:00:05 — 1620s
2026-07-02 14:39:34    [PROFIL] Profil 'Standard Profile' aplicat pe session12.
2026-07-02 14:39:34  =================================================================
2026-07-02 14:39:34    S12-EURAUD-H1 — EURAUD H1+D1 LONG pw=8 pullback | test +0.232R DD -18.7%
2026-07-02 14:39:34    Piete: ['EURAUD']
2026-07-02 14:39:34    TF: H1 (trend D1) | PW=8 | BOTH
2026-07-02 14:39:34    Output: C:\Dev\trading-bot\data\live_signals\session12
2026-07-02 14:39:34  =================================================================
2026-07-02 14:39:34  MT5: 52906593 @ ICMarketsEU-Demo (DEMO)
2026-07-02 14:39:34    [ORPHAN] Nicio pozitie MT5 fara corespondent — state consistent cu MT5.
2026-07-02 14:39:34  Simboluri active: ['EURAUD']
2026-07-02 14:39:34  Pornit. Ctrl+C pentru oprire.

2026-07-02 14:39:34  --- S12-EURAUD-H1 iter 1 @ 14:39:34 ---
2026-07-02 14:39:34    Niciun semnal nou. Pendinge: 0
2026-07-02 14:39:34    Urmatoarea bara 60min @ 15:00:05 — 1230s
2026-07-02 14:49:40    [PROFIL] Profil 'Standard Profile' aplicat pe session12.
2026-07-02 14:49:40  =================================================================
2026-07-02 14:49:40    S12-EURAUD-H1 — EURAUD H1+D1 LONG pw=8 pullback | test +0.232R DD -18.7%
2026-07-02 14:49:40    Piete: ['EURAUD']
2026-07-02 14:49:40    TF: H1 (trend D1) | PW=8 | BOTH
2026-07-02 14:49:40    Output: C:\Dev\trading-bot\data\live_signals\session12
2026-07-02 14:49:40  =================================================================
2026-07-02 14:49:40  MT5: 52906593 @ ICMarketsEU-Demo (DEMO)
2026-07-02 14:49:40    [ORPHAN] Nicio pozitie MT5 fara corespondent — state consistent cu MT5.
2026-07-02 14:49:40  Simboluri active: ['EURAUD']
2026-07-02 14:49:40  Pornit. Ctrl+C pentru oprire.

2026-07-02 14:49:40  --- S12-EURAUD-H1 iter 1 @ 14:49:40 ---
2026-07-02 14:49:40    Niciun semnal nou. Pendinge: 0
2026-07-02 14:49:40    Urmatoarea bara 60min @ 15:00:05 — 624s
2026-07-02 15:00:05  --- S12-EURAUD-H1 iter 2 @ 15:00:05 ---
2026-07-02 15:00:05    Niciun semnal nou. Pendinge: 0
2026-07-02 15:00:05    Urmatoarea bara 60min @ 16:00:05 — 3600s
2026-07-02 16:00:05  --- S12-EURAUD-H1 iter 3 @ 16:00:05 ---
2026-07-02 16:00:05    Niciun semnal nou. Pendinge: 0
2026-07-02 16:00:05    Urmatoarea bara 60min @ 17:00:05 — 3599s
2026-07-02 17:00:05  --- S12-EURAUD-H1 iter 4 @ 17:00:05 ---
2026-07-02 17:00:05    Niciun semnal nou. Pendinge: 0
2026-07-02 17:00:05    Urmatoarea bara 60min @ 18:00:05 — 3599s
2026-07-02 17:02:01    [PROFIL] Profil 'Standard Profile' aplicat pe session12.
2026-07-02 17:02:01  =================================================================
2026-07-02 17:02:01    S12-EURAUD-H1 — EURAUD H1+D1 LONG pw=8 pullback | test +0.232R DD -18.7%
2026-07-02 17:02:01    Piete: ['EURAUD']
2026-07-02 17:02:01    TF: H1 (trend D1) | PW=8 | BOTH
2026-07-02 17:02:01    Output: C:\Dev\trading-bot\data\live_signals\session12
2026-07-02 17:02:01  =================================================================
2026-07-02 17:02:02  MT5: 52906593 @ ICMarketsEU-Demo (DEMO)
2026-07-02 17:02:02    [ORPHAN] Nicio pozitie MT5 fara corespondent — state consistent cu MT5.
2026-07-02 17:02:02  Simboluri active: ['EURAUD']
2026-07-02 17:02:02  Pornit. Ctrl+C pentru oprire.

2026-07-02 17:02:02  --- S12-EURAUD-H1 iter 1 @ 17:02:02 ---
2026-07-02 17:02:02    Niciun semnal nou. Pendinge: 0
2026-07-02 17:02:02    Urmatoarea bara 60min @ 18:00:05 — 3482s
2026-07-02 18:00:05  --- S12-EURAUD-H1 iter 2 @ 18:00:05 ---
2026-07-02 18:00:06    Niciun semnal nou. Pendinge: 0
2026-07-02 18:00:06    Urmatoarea bara 60min @ 19:00:05 — 3598s
2026-07-02 19:00:05  --- S12-EURAUD-H1 iter 3 @ 19:00:05 ---
2026-07-02 19:00:05    Niciun semnal nou. Pendinge: 0
2026-07-02 19:00:05    Urmatoarea bara 60min @ 20:00:05 — 3599s
2026-07-02 20:00:05  --- S12-EURAUD-H1 iter 4 @ 20:00:05 ---
2026-07-02 20:00:22    Niciun semnal nou. Pendinge: 0
2026-07-02 20:00:22    Urmatoarea bara 60min @ 21:00:05 — 3583s
2026-07-02 21:00:05  --- S12-EURAUD-H1 iter 5 @ 21:00:05 ---
2026-07-02 21:00:05    Niciun semnal nou. Pendinge: 0
2026-07-02 21:00:05    Urmatoarea bara 60min @ 22:00:05 — 3600s
2026-07-02 22:00:05  --- S12-EURAUD-H1 iter 6 @ 22:00:05 ---
2026-07-02 22:00:05    Niciun semnal nou. Pendinge: 0
2026-07-02 22:00:05    Urmatoarea bara 60min @ 23:00:05 — 3599s
2026-07-02 23:00:05  --- S12-EURAUD-H1 iter 7 @ 23:00:05 ---
2026-07-02 23:00:06    Niciun semnal nou. Pendinge: 0
2026-07-02 23:00:06    Urmatoarea bara 60min @ 00:00:05 — 3599s
2026-07-03 00:00:05  --- S12-EURAUD-H1 iter 8 @ 00:00:05 ---
2026-07-03 00:00:05    Niciun semnal nou. Pendinge: 0
2026-07-03 00:00:05    Urmatoarea bara 60min @ 01:00:05 — 3599s
2026-07-03 01:00:05  --- S12-EURAUD-H1 iter 9 @ 01:00:05 ---
2026-07-03 01:00:05    Niciun semnal nou. Pendinge: 0
2026-07-03 01:00:05    Urmatoarea bara 60min @ 02:00:05 — 3599s
2026-07-03 02:00:05  --- S12-EURAUD-H1 iter 10 @ 02:00:05 ---
2026-07-03 02:00:05    Niciun semnal nou. Pendinge: 0
2026-07-03 02:00:05    Urmatoarea bara 60min @ 03:00:05 — 3599s
2026-07-03 03:00:05  --- S12-EURAUD-H1 iter 11 @ 03:00:05 ---
2026-07-03 03:00:05    Niciun semnal nou. Pendinge: 0
2026-07-03 03:00:05    Urmatoarea bara 60min @ 04:00:05 — 3599s
2026-07-03 04:00:05  --- S12-EURAUD-H1 iter 12 @ 04:00:05 ---
2026-07-03 04:00:05    Niciun semnal nou. Pendinge: 0
2026-07-03 04:00:05    Urmatoarea bara 60min @ 05:00:05 — 3599s
2026-07-03 05:00:05  --- S12-EURAUD-H1 iter 13 @ 05:00:05 ---
2026-07-03 05:00:05    Niciun semnal nou. Pendinge: 0
2026-07-03 05:00:05    Urmatoarea bara 60min @ 06:00:05 — 3599s
2026-07-03 06:00:05  --- S12-EURAUD-H1 iter 14 @ 06:00:05 ---
2026-07-03 06:00:05    Niciun semnal nou. Pendinge: 0
2026-07-03 06:00:05    Urmatoarea bara 60min @ 07:00:05 — 3599s
2026-07-03 07:00:05  --- S12-EURAUD-H1 iter 15 @ 07:00:05 ---
2026-07-03 07:00:05    Niciun semnal nou. Pendinge: 0
2026-07-03 07:00:05    Urmatoarea bara 60min @ 08:00:05 — 3599s
2026-07-03 08:00:05  --- S12-EURAUD-H1 iter 16 @ 08:00:05 ---
2026-07-03 08:00:05    Niciun semnal nou. Pendinge: 0
2026-07-03 08:00:05    Urmatoarea bara 60min @ 09:00:05 — 3599s
2026-07-03 14:37:29    [PROFIL] Profil 'Standard Profile' aplicat pe session12.
2026-07-03 14:37:29  =================================================================
2026-07-03 14:37:29    S12-EURAUD-H1 — EURAUD H1+D1 LONG pw=8 pullback | test +0.232R DD -18.7%
2026-07-03 14:37:29    Piete: ['EURAUD']
2026-07-03 14:37:29    TF: H1 (trend D1) | PW=8 | BOTH
2026-07-03 14:37:29    Output: C:\Dev\trading-bot\data\live_signals\session12
2026-07-03 14:37:29  =================================================================
2026-07-03 14:37:29  MT5: 52906593 @ ICMarketsEU-Demo (DEMO)
2026-07-03 14:37:30    [ORPHAN] Nicio pozitie MT5 fara corespondent — state consistent cu MT5.
2026-07-03 14:37:30  Simboluri active: ['EURAUD']
2026-07-03 14:37:30  Pornit. Ctrl+C pentru oprire.

2026-07-03 14:37:30  --- S12-EURAUD-H1 iter 1 @ 14:37:30 ---
2026-07-03 14:37:32    Niciun semnal nou. Pendinge: 0
2026-07-03 14:37:32    Urmatoarea bara 60min @ 15:00:05 — 1353s
2026-07-03 15:00:05  --- S12-EURAUD-H1 iter 2 @ 15:00:05 ---
2026-07-03 15:00:05    Niciun semnal nou. Pendinge: 0
2026-07-03 15:00:05    Urmatoarea bara 60min @ 16:00:05 — 3600s
2026-07-03 16:00:05  --- S12-EURAUD-H1 iter 3 @ 16:00:05 ---
2026-07-03 16:00:05    Niciun semnal nou. Pendinge: 0
2026-07-03 16:00:05    Urmatoarea bara 60min @ 17:00:05 — 3599s
2026-07-03 17:00:05  --- S12-EURAUD-H1 iter 4 @ 17:00:05 ---
2026-07-03 17:00:05    Niciun semnal nou. Pendinge: 0
2026-07-03 17:00:05    Urmatoarea bara 60min @ 18:00:05 — 3599s
2026-07-03 18:00:05  --- S12-EURAUD-H1 iter 5 @ 18:00:05 ---
2026-07-03 18:00:05    Niciun semnal nou. Pendinge: 0
2026-07-03 18:00:05    Urmatoarea bara 60min @ 19:00:05 — 3599s
2026-07-03 19:00:05  --- S12-EURAUD-H1 iter 6 @ 19:00:05 ---
2026-07-03 19:00:05    Niciun semnal nou. Pendinge: 0
2026-07-03 19:00:06    Urmatoarea bara 60min @ 20:00:05 — 3599s
2026-07-03 20:00:05  --- S12-EURAUD-H1 iter 7 @ 20:00:05 ---
2026-07-03 20:00:05    [VINERI] Ora 20:00 >= 20:00 — inchid pozitii deschise.
2026-07-03 20:00:05    Niciun semnal nou. Pendinge: 0
2026-07-03 20:00:05    Urmatoarea bara 60min @ 21:00:05 — 3599s
2026-07-03 21:00:05  --- S12-EURAUD-H1 iter 8 @ 21:00:05 ---
2026-07-03 21:00:05    Niciun semnal nou. Pendinge: 0
2026-07-03 21:00:05    Urmatoarea bara 60min @ 22:00:05 — 3600s
2026-07-03 22:00:05  --- S12-EURAUD-H1 iter 9 @ 22:00:05 ---
2026-07-03 22:00:05    Niciun semnal nou. Pendinge: 0
2026-07-03 22:00:05    Urmatoarea bara 60min @ 23:00:05 — 3599s
2026-07-03 23:00:05  --- S12-EURAUD-H1 iter 10 @ 23:00:05 ---
2026-07-03 23:00:05    Niciun semnal nou. Pendinge: 0
2026-07-03 23:00:05    Urmatoarea bara 60min @ 00:00:05 — 3599s
2026-07-04 00:00:05  --- S12-EURAUD-H1 iter 11 @ 00:00:05 ---
2026-07-04 00:00:05    Niciun semnal nou. Pendinge: 0
2026-07-04 00:00:05    Urmatoarea bara 60min @ 01:00:05 — 3599s
2026-07-04 01:00:05  --- S12-EURAUD-H1 iter 12 @ 01:00:05 ---
2026-07-04 01:00:05    Niciun semnal nou. Pendinge: 0
2026-07-04 01:00:05    Urmatoarea bara 60min @ 02:00:05 — 3599s
2026-07-05 13:12:54    [PROFIL] Profil 'Standard Profile' aplicat pe session12.
2026-07-05 13:12:54  =================================================================
2026-07-05 13:12:54    S12-EURAUD-H1 — EURAUD H1+D1 LONG pw=8 pullback | test +0.232R DD -18.7%
2026-07-05 13:12:54    Piete: ['EURAUD']
2026-07-05 13:12:54    TF: H1 (trend D1) | PW=8 | BOTH
2026-07-05 13:12:54    Output: C:\Dev\trading-bot\data\live_signals\session12
2026-07-05 13:12:54  =================================================================
2026-07-05 13:12:55  MT5: 52906593 @ ICMarketsEU-Demo (DEMO)
2026-07-05 13:12:55    [ORPHAN] Nicio pozitie MT5 fara corespondent — state consistent cu MT5.
2026-07-05 13:13:00  Simboluri active: ['EURAUD']
2026-07-05 13:13:00  Pornit. Ctrl+C pentru oprire.

2026-07-05 13:13:00  --- S12-EURAUD-H1 iter 1 @ 13:13:00 ---
2026-07-05 13:13:04    Niciun semnal nou. Pendinge: 0
2026-07-05 13:13:06    Urmatoarea bara 60min @ 14:00:05 — 2818s
2026-07-05 20:28:47    [PROFIL] Profil 'Standard Profile' aplicat pe session12.
2026-07-05 20:28:47  =================================================================
2026-07-05 20:28:47    S12-EURAUD-H1 — EURAUD H1+D1 LONG pw=8 pullback | test +0.232R DD -18.7%
2026-07-05 20:28:47    Piete: ['EURAUD']
2026-07-05 20:28:47    TF: H1 (trend D1) | PW=8 | BOTH
2026-07-05 20:28:47    Output: C:\Dev\trading-bot\data\live_signals\session12
2026-07-05 20:28:47  =================================================================
2026-07-05 20:28:47  MT5: 52906593 @ ICMarketsEU-Demo (DEMO)
2026-07-05 20:28:47    [ORPHAN] Nicio pozitie MT5 fara corespondent — state consistent cu MT5.
2026-07-05 20:28:48  Simboluri active: ['EURAUD']
2026-07-05 20:28:48  Pornit. Ctrl+C pentru oprire.

2026-07-05 20:28:48  --- S12-EURAUD-H1 iter 1 @ 20:28:48 ---
2026-07-05 20:28:50    Niciun semnal nou. Pendinge: 0
2026-07-05 20:28:50    Urmatoarea bara 60min @ 21:00:05 — 1875s
2026-07-05 21:00:05  --- S12-EURAUD-H1 iter 2 @ 21:00:05 ---
2026-07-05 21:00:05    Niciun semnal nou. Pendinge: 0
2026-07-05 21:00:05    Urmatoarea bara 60min @ 22:00:05 — 3600s
2026-07-05 22:00:05  --- S12-EURAUD-H1 iter 3 @ 22:00:05 ---
2026-07-05 22:00:05    Niciun semnal nou. Pendinge: 0
2026-07-05 22:00:05    Urmatoarea bara 60min @ 23:00:05 — 3599s
2026-07-05 23:00:05  --- S12-EURAUD-H1 iter 4 @ 23:00:05 ---
2026-07-05 23:00:05    Niciun semnal nou. Pendinge: 0
2026-07-05 23:00:05    Urmatoarea bara 60min @ 00:00:05 — 3599s
2026-07-06 00:00:05  --- S12-EURAUD-H1 iter 5 @ 00:00:05 ---
2026-07-06 00:00:05    Niciun semnal nou. Pendinge: 0
2026-07-06 00:00:05    Urmatoarea bara 60min @ 01:00:05 — 3599s
2026-07-06 01:00:05  --- S12-EURAUD-H1 iter 6 @ 01:00:05 ---
2026-07-06 01:00:05    Niciun semnal nou. Pendinge: 0
2026-07-06 01:00:05    Urmatoarea bara 60min @ 02:00:05 — 3600s
2026-07-06 02:00:05  --- S12-EURAUD-H1 iter 7 @ 02:00:05 ---
2026-07-06 02:00:05    Niciun semnal nou. Pendinge: 0
2026-07-06 02:00:05    Urmatoarea bara 60min @ 03:00:05 — 3599s
2026-07-06 03:00:05  --- S12-EURAUD-H1 iter 8 @ 03:00:05 ---
2026-07-06 03:00:05    Niciun semnal nou. Pendinge: 0
2026-07-06 03:00:05    Urmatoarea bara 60min @ 04:00:05 — 3599s
2026-07-06 04:00:05  --- S12-EURAUD-H1 iter 9 @ 04:00:05 ---
2026-07-06 04:00:06    Niciun semnal nou. Pendinge: 0
2026-07-06 04:00:06    Urmatoarea bara 60min @ 05:00:05 — 3599s
2026-07-06 05:00:05  --- S12-EURAUD-H1 iter 10 @ 05:00:05 ---
2026-07-06 05:00:05    Niciun semnal nou. Pendinge: 0
2026-07-06 05:00:05    Urmatoarea bara 60min @ 06:00:05 — 3599s
2026-07-06 09:02:13    [PROFIL] Profil 'Standard Profile' aplicat pe session12.
2026-07-06 09:02:13  =================================================================
2026-07-06 09:02:13    S12-EURAUD-H1 — EURAUD H1+D1 LONG pw=8 pullback | test +0.232R DD -18.7%
2026-07-06 09:02:13    Piete: ['EURAUD']
2026-07-06 09:02:13    TF: H1 (trend D1) | PW=8 | BOTH
2026-07-06 09:02:13    Output: C:\Dev\trading-bot\data\live_signals\session12
2026-07-06 09:02:13  =================================================================
2026-07-06 09:02:13  MT5: 52906593 @ ICMarketsEU-Demo (DEMO)
2026-07-06 09:02:13    [ORPHAN] Nicio pozitie MT5 fara corespondent — state consistent cu MT5.
2026-07-06 09:02:13  Simboluri active: ['EURAUD']
2026-07-06 09:02:13  Pornit. Ctrl+C pentru oprire.

2026-07-06 09:02:13  --- S12-EURAUD-H1 iter 1 @ 09:02:13 ---
2026-07-06 09:02:14    Niciun semnal nou. Pendinge: 0
2026-07-06 09:02:14    Urmatoarea bara 60min @ 10:00:05 — 3471s
2026-07-06 10:00:05  --- S12-EURAUD-H1 iter 2 @ 10:00:05 ---
2026-07-06 10:00:28    Niciun semnal nou. Pendinge: 0
2026-07-06 10:00:28    Urmatoarea bara 60min @ 11:00:05 — 3576s
2026-07-06 11:00:05  --- S12-EURAUD-H1 iter 3 @ 11:00:05 ---
2026-07-06 11:00:05    Niciun semnal nou. Pendinge: 0
2026-07-06 11:00:05    Urmatoarea bara 60min @ 12:00:05 — 3600s
2026-07-06 11:24:58    [PROFIL] Profil 'Standard Profile' aplicat pe session12.
2026-07-06 11:24:58  =================================================================
2026-07-06 11:24:58    S12-EURAUD-H1 — EURAUD H1+D1 LONG pw=8 pullback | test +0.232R DD -18.7%
2026-07-06 11:24:58    Piete: ['EURAUD']
2026-07-06 11:24:58    TF: H1 (trend D1) | PW=8 | BOTH
2026-07-06 11:24:58    Output: C:\Dev\trading-bot\data\live_signals\session12
2026-07-06 11:24:58  =================================================================
2026-07-06 11:24:58  MT5: 52906593 @ ICMarketsEU-Demo (DEMO)
2026-07-06 11:24:58    [ORPHAN] Nicio pozitie MT5 fara corespondent — state consistent cu MT5.
2026-07-06 11:24:58  Simboluri active: ['EURAUD']
2026-07-06 11:24:58  Pornit. Ctrl+C pentru oprire.

2026-07-06 11:24:58  --- S12-EURAUD-H1 iter 1 @ 11:24:58 ---
2026-07-06 11:24:58    Niciun semnal nou. Pendinge: 0
2026-07-06 11:24:58    Urmatoarea bara 60min @ 12:00:05 — 2106s
2026-07-06 12:00:05  --- S12-EURAUD-H1 iter 2 @ 12:00:05 ---
2026-07-06 12:00:05    Niciun semnal nou. Pendinge: 0
2026-07-06 12:00:05    Urmatoarea bara 60min @ 13:00:05 — 3600s
2026-07-06 12:57:13    [PROFIL] Profil 'Standard Profile' aplicat pe session12.
2026-07-06 12:57:13  =================================================================
2026-07-06 12:57:13    S12-EURAUD-H1 — EURAUD H1+D1 LONG pw=8 pullback | test +0.232R DD -18.7%
2026-07-06 12:57:13    Piete: ['EURAUD']
2026-07-06 12:57:13    TF: H1 (trend D1) | PW=8 | BOTH
2026-07-06 12:57:13    Output: C:\Dev\trading-bot\data\live_signals\session12
2026-07-06 12:57:13  =================================================================
2026-07-06 12:57:13  MT5: 52906593 @ ICMarketsEU-Demo (DEMO)
2026-07-06 12:57:13    [ORPHAN] Nicio pozitie MT5 fara corespondent — state consistent cu MT5.
2026-07-06 12:57:13  Simboluri active: ['EURAUD']
2026-07-06 12:57:13  Pornit. Ctrl+C pentru oprire.

2026-07-06 12:57:13  --- S12-EURAUD-H1 iter 1 @ 12:57:13 ---
2026-07-06 12:57:13    Niciun semnal nou. Pendinge: 0
2026-07-06 12:57:13    Urmatoarea bara 60min @ 13:00:05 — 171s
2026-07-06 13:00:05  --- S12-EURAUD-H1 iter 2 @ 13:00:05 ---
2026-07-06 13:00:22    Niciun semnal nou. Pendinge: 0
2026-07-06 13:00:22    Urmatoarea bara 60min @ 14:00:05 — 3583s
2026-07-06 14:00:05  --- S12-EURAUD-H1 iter 3 @ 14:00:05 ---
2026-07-06 14:00:05    Niciun semnal nou. Pendinge: 0
2026-07-06 14:00:05    Urmatoarea bara 60min @ 15:00:05 — 3600s
2026-07-06 15:00:05  --- S12-EURAUD-H1 iter 4 @ 15:00:05 ---
2026-07-06 15:00:05    Niciun semnal nou. Pendinge: 0
2026-07-06 15:00:05    Urmatoarea bara 60min @ 16:00:05 — 3599s
2026-07-06 16:00:05  --- S12-EURAUD-H1 iter 5 @ 16:00:05 ---
2026-07-06 16:00:05    Niciun semnal nou. Pendinge: 0
2026-07-06 16:00:05    Urmatoarea bara 60min @ 17:00:05 — 3599s
2026-07-06 17:00:05  --- S12-EURAUD-H1 iter 6 @ 17:00:05 ---
2026-07-06 17:00:05    Niciun semnal nou. Pendinge: 0
2026-07-06 17:00:06    Urmatoarea bara 60min @ 18:00:05 — 3599s
2026-07-06 18:00:05  --- S12-EURAUD-H1 iter 7 @ 18:00:05 ---
2026-07-06 18:00:05    Niciun semnal nou. Pendinge: 0
2026-07-06 18:00:05    Urmatoarea bara 60min @ 19:00:05 — 3600s
2026-07-06 19:00:05  --- S12-EURAUD-H1 iter 8 @ 19:00:05 ---
2026-07-06 19:00:05    Niciun semnal nou. Pendinge: 0
2026-07-06 19:00:05    Urmatoarea bara 60min @ 20:00:05 — 3599s
2026-07-06 20:00:05  --- S12-EURAUD-H1 iter 9 @ 20:00:05 ---
2026-07-06 20:00:05    Niciun semnal nou. Pendinge: 0
2026-07-06 20:00:05    Urmatoarea bara 60min @ 21:00:05 — 3599s
2026-07-06 21:00:05  --- S12-EURAUD-H1 iter 10 @ 21:00:05 ---
2026-07-06 21:00:05    Niciun semnal nou. Pendinge: 0
2026-07-06 21:00:05    Urmatoarea bara 60min @ 22:00:05 — 3599s
2026-07-06 22:00:05  --- S12-EURAUD-H1 iter 11 @ 22:00:05 ---
2026-07-06 22:00:05    Niciun semnal nou. Pendinge: 0
2026-07-06 22:00:05    Urmatoarea bara 60min @ 23:00:05 — 3599s
2026-07-06 23:00:05  --- S12-EURAUD-H1 iter 12 @ 23:00:05 ---
2026-07-06 23:00:05    Niciun semnal nou. Pendinge: 0
2026-07-06 23:00:05    Urmatoarea bara 60min @ 00:00:05 — 3600s
2026-07-07 00:00:05  --- S12-EURAUD-H1 iter 13 @ 00:00:05 ---
2026-07-07 00:00:05    Niciun semnal nou. Pendinge: 0
2026-07-07 00:00:05    Urmatoarea bara 60min @ 01:00:05 — 3600s
2026-07-07 01:00:05  --- S12-EURAUD-H1 iter 14 @ 01:00:05 ---
2026-07-07 01:00:05    Niciun semnal nou. Pendinge: 0
2026-07-07 01:00:05    Urmatoarea bara 60min @ 02:00:05 — 3600s
2026-07-07 02:00:05  --- S12-EURAUD-H1 iter 15 @ 02:00:05 ---
2026-07-07 02:00:05    Niciun semnal nou. Pendinge: 0
2026-07-07 02:00:05    Urmatoarea bara 60min @ 03:00:05 — 3600s
2026-07-07 03:00:05  --- S12-EURAUD-H1 iter 16 @ 03:00:05 ---
2026-07-07 03:00:05    Niciun semnal nou. Pendinge: 0
2026-07-07 03:00:05    Urmatoarea bara 60min @ 04:00:05 — 3600s
2026-07-07 04:00:05  --- S12-EURAUD-H1 iter 17 @ 04:00:05 ---
2026-07-07 04:00:05    Niciun semnal nou. Pendinge: 0
2026-07-07 04:00:05    Urmatoarea bara 60min @ 05:00:05 — 3599s
2026-07-07 05:00:05  --- S12-EURAUD-H1 iter 18 @ 05:00:05 ---
2026-07-07 05:00:05    Niciun semnal nou. Pendinge: 0
2026-07-07 05:00:05    Urmatoarea bara 60min @ 06:00:05 — 3600s
2026-07-07 06:00:05  --- S12-EURAUD-H1 iter 19 @ 06:00:05 ---
2026-07-07 06:00:05    Niciun semnal nou. Pendinge: 0
2026-07-07 06:00:05    Urmatoarea bara 60min @ 07:00:05 — 3600s
2026-07-07 07:00:05  --- S12-EURAUD-H1 iter 20 @ 07:00:05 ---
2026-07-07 07:00:05    Niciun semnal nou. Pendinge: 0
2026-07-07 07:00:05    Urmatoarea bara 60min @ 08:00:05 — 3600s
2026-07-07 08:00:05  --- S12-EURAUD-H1 iter 21 @ 08:00:05 ---
2026-07-07 08:00:07    Niciun semnal nou. Pendinge: 0
2026-07-07 08:00:07    Urmatoarea bara 60min @ 09:00:05 — 3598s
2026-07-07 08:57:55    [PROFIL] Profil 'Standard Profile' aplicat pe session12.
2026-07-07 08:57:55  =================================================================
2026-07-07 08:57:55    S12-EURAUD-H1 — EURAUD H1+D1 LONG pw=8 pullback | test +0.232R DD -18.7%
2026-07-07 08:57:55    Piete: ['EURAUD']
2026-07-07 08:57:55    TF: H1 (trend D1) | PW=8 | BOTH
2026-07-07 08:57:55    Output: C:\Dev\trading-bot\data\live_signals\session12
2026-07-07 08:57:55  =================================================================
2026-07-07 08:57:55  MT5: 52906593 @ ICMarketsEU-Demo (DEMO)
2026-07-07 08:57:55    [ORPHAN] Nicio pozitie MT5 fara corespondent — state consistent cu MT5.
2026-07-07 08:57:55  Simboluri active: ['EURAUD']
2026-07-07 08:57:55  Pornit. Ctrl+C pentru oprire.

2026-07-07 08:57:55  --- S12-EURAUD-H1 iter 1 @ 08:57:55 ---
2026-07-07 08:57:56    Niciun semnal nou. Pendinge: 0
2026-07-07 08:57:56    Urmatoarea bara 60min @ 09:00:05 — 129s
2026-07-07 09:00:05  --- S12-EURAUD-H1 iter 2 @ 09:00:05 ---
2026-07-07 09:00:05    Niciun semnal nou. Pendinge: 0
2026-07-07 09:00:05    Urmatoarea bara 60min @ 10:00:05 — 3599s
2026-07-07 10:00:05  --- S12-EURAUD-H1 iter 3 @ 10:00:05 ---
2026-07-07 10:00:05    Niciun semnal nou. Pendinge: 0
2026-07-07 10:00:05    Urmatoarea bara 60min @ 11:00:05 — 3599s
2026-07-07 11:00:05  --- S12-EURAUD-H1 iter 4 @ 11:00:05 ---
2026-07-07 11:00:05    Niciun semnal nou. Pendinge: 0
2026-07-07 11:00:05    Urmatoarea bara 60min @ 12:00:05 — 3600s
2026-07-07 12:00:05  --- S12-EURAUD-H1 iter 5 @ 12:00:05 ---
2026-07-07 12:00:05    Niciun semnal nou. Pendinge: 0
2026-07-07 12:00:05    Urmatoarea bara 60min @ 13:00:05 — 3599s
2026-07-07 13:00:05  --- S12-EURAUD-H1 iter 6 @ 13:00:05 ---
2026-07-07 13:00:05    *** SEMNAL [INSIDE_BAR]: S12-EURAUD-H1-IB0004 EURAUD SHORT entry=1.64509 sl=1.64699 tp=1.64129 (2.0R) RSI=45
2026-07-07 13:00:08    [EXEC] *** ORDIN: S12-EURAUD-H1-IB0004 EURAUD SHORT 0.01lot @ 1.64509  SL=1.64699  TP=1.64129  ticket=#1793718945
2026-07-07 13:00:08    Urmatoarea bara 60min @ 14:00:05 — 3597s
2026-07-07 14:00:05  --- S12-EURAUD-H1 iter 7 @ 14:00:05 ---
2026-07-07 14:00:05    Niciun semnal nou. Pendinge: 1
2026-07-07 14:00:05    Urmatoarea bara 60min @ 15:00:05 — 3600s
2026-07-07 15:00:05  --- S12-EURAUD-H1 iter 8 @ 15:00:05 ---
2026-07-07 15:00:05    Niciun semnal nou. Pendinge: 1
2026-07-07 15:00:05    Urmatoarea bara 60min @ 16:00:05 — 3599s
2026-07-07 16:00:05  --- S12-EURAUD-H1 iter 9 @ 16:00:05 ---
2026-07-07 16:00:05    TRIGGERAT: S12-EURAUD-H1-IB0004 EURAUD SHORT @ 1.64509
2026-07-07 16:00:05    Niciun semnal nou. Pendinge: 1
2026-07-07 16:00:05    Urmatoarea bara 60min @ 17:00:05 — 3599s
2026-07-07 17:00:05  --- S12-EURAUD-H1 iter 10 @ 17:00:05 ---
2026-07-07 17:00:05    [MT5] Pozitie #1793718945 inchisa: exit=1.647  result=-1.005R  pnl=-1.35USD  comm=-0.08  swap=+0.00  [SL]
2026-07-07 17:00:05    PIERDERE (MT5): S12-EURAUD-H1-IB0004 SL -1.005R
2026-07-07 17:00:05    Niciun semnal nou. Pendinge: 0
2026-07-07 17:00:05    Urmatoarea bara 60min @ 18:00:05 — 3599s
2026-07-07 18:00:05  --- S12-EURAUD-H1 iter 11 @ 18:00:05 ---
2026-07-07 18:00:05    Niciun semnal nou. Pendinge: 0
2026-07-07 18:00:05    Urmatoarea bara 60min @ 19:00:05 — 3599s
2026-07-07 19:00:05  --- S12-EURAUD-H1 iter 12 @ 19:00:05 ---
2026-07-07 19:00:05    Niciun semnal nou. Pendinge: 0
2026-07-07 19:00:05    Urmatoarea bara 60min @ 20:00:05 — 3599s
2026-07-07 20:00:05  --- S12-EURAUD-H1 iter 13 @ 20:00:05 ---
2026-07-07 20:00:05    Niciun semnal nou. Pendinge: 0
2026-07-07 20:00:05    Urmatoarea bara 60min @ 21:00:05 — 3599s
2026-07-07 21:00:05  --- S12-EURAUD-H1 iter 14 @ 21:00:05 ---
2026-07-07 21:00:05    Niciun semnal nou. Pendinge: 0
2026-07-07 21:00:05    Urmatoarea bara 60min @ 22:00:05 — 3600s
2026-07-07 22:00:05  --- S12-EURAUD-H1 iter 15 @ 22:00:05 ---
2026-07-07 22:00:05    Niciun semnal nou. Pendinge: 0
2026-07-07 22:00:05    Urmatoarea bara 60min @ 23:00:05 — 3600s
2026-07-07 23:00:05  --- S12-EURAUD-H1 iter 16 @ 23:00:05 ---
2026-07-07 23:00:05    Niciun semnal nou. Pendinge: 0
2026-07-07 23:00:05    Urmatoarea bara 60min @ 00:00:05 — 3599s
2026-07-08 00:00:05  --- S12-EURAUD-H1 iter 17 @ 00:00:05 ---
2026-07-08 00:00:05    Niciun semnal nou. Pendinge: 0
2026-07-08 00:00:05    Urmatoarea bara 60min @ 01:00:05 — 3599s
2026-07-08 01:00:05  --- S12-EURAUD-H1 iter 18 @ 01:00:05 ---
2026-07-08 01:00:05    Niciun semnal nou. Pendinge: 0
2026-07-08 01:00:05    Urmatoarea bara 60min @ 02:00:05 — 3599s
2026-07-08 02:00:05  --- S12-EURAUD-H1 iter 19 @ 02:00:05 ---
2026-07-08 02:00:05    Niciun semnal nou. Pendinge: 0
2026-07-08 02:00:05    Urmatoarea bara 60min @ 03:00:05 — 3599s
2026-07-08 03:00:05  --- S12-EURAUD-H1 iter 20 @ 03:00:05 ---
2026-07-08 03:00:05    Niciun semnal nou. Pendinge: 0
2026-07-08 03:00:05    Urmatoarea bara 60min @ 04:00:05 — 3599s
2026-07-08 04:00:05  --- S12-EURAUD-H1 iter 21 @ 04:00:05 ---
2026-07-08 04:00:06    Niciun semnal nou. Pendinge: 0
2026-07-08 04:00:06    Urmatoarea bara 60min @ 05:00:05 — 3599s
2026-07-08 05:00:05  --- S12-EURAUD-H1 iter 22 @ 05:00:05 ---
2026-07-08 05:00:05    Niciun semnal nou. Pendinge: 0
2026-07-08 05:00:05    Urmatoarea bara 60min @ 06:00:05 — 3599s
2026-07-08 06:00:05  --- S12-EURAUD-H1 iter 23 @ 06:00:05 ---
2026-07-08 06:00:05    Niciun semnal nou. Pendinge: 0
2026-07-08 06:00:05    Urmatoarea bara 60min @ 07:00:05 — 3599s
2026-07-08 07:00:05  --- S12-EURAUD-H1 iter 24 @ 07:00:05 ---
2026-07-08 07:00:05    Niciun semnal nou. Pendinge: 0
2026-07-08 07:00:05    Urmatoarea bara 60min @ 08:00:05 — 3599s
2026-07-08 08:00:05  --- S12-EURAUD-H1 iter 25 @ 08:00:05 ---
2026-07-08 08:00:05    Niciun semnal nou. Pendinge: 0
2026-07-08 08:00:05    Urmatoarea bara 60min @ 09:00:05 — 3599s
2026-07-08 08:41:53    [PROFIL] Profil 'Standard Profile' aplicat pe session12.
2026-07-08 08:41:53  =================================================================
2026-07-08 08:41:53    S12-EURAUD-H1 — EURAUD H1+D1 LONG pw=8 pullback | test +0.232R DD -18.7%
2026-07-08 08:41:53    Piete: ['EURAUD']
2026-07-08 08:41:53    TF: H1 (trend D1) | PW=8 | BOTH
2026-07-08 08:41:53    Output: C:\Dev\trading-bot\data\live_signals\session12
2026-07-08 08:41:53  =================================================================
2026-07-08 08:41:53  MT5: 52906593 @ ICMarketsEU-Demo (DEMO)
2026-07-08 08:41:53    [MIGRATE] Cheie goala stearsa din pending: 'EURAUD'
2026-07-08 08:41:53    [MIGRATE] Migrare pending: 0 semnale migrate, 1 chei goale sterse.
2026-07-08 08:41:53    [ORPHAN] Nicio pozitie MT5 fara corespondent — state consistent cu MT5.
2026-07-08 08:41:53  Simboluri active: ['EURAUD']
2026-07-08 08:41:53  Pornit. Ctrl+C pentru oprire.

2026-07-08 08:41:53  --- S12-EURAUD-H1 iter 1 @ 08:41:53 ---
2026-07-08 08:41:53    Niciun semnal nou. Pendinge: 0
2026-07-08 08:41:53    Urmatoarea bara 60min @ 09:00:05 — 1092s
2026-07-08 09:00:05  --- S12-EURAUD-H1 iter 2 @ 09:00:05 ---
2026-07-08 09:00:05    Niciun semnal nou. Pendinge: 0
2026-07-08 09:00:05    Urmatoarea bara 60min @ 10:00:05 — 3600s
2026-07-08 10:00:05  --- S12-EURAUD-H1 iter 3 @ 10:00:05 ---
2026-07-08 10:00:05    Niciun semnal nou. Pendinge: 0
2026-07-08 10:00:05    Urmatoarea bara 60min @ 11:00:05 — 3600s
2026-07-08 11:00:05  --- S12-EURAUD-H1 iter 4 @ 11:00:05 ---
2026-07-08 11:00:05    Niciun semnal nou. Pendinge: 0
2026-07-08 11:00:05    Urmatoarea bara 60min @ 12:00:05 — 3600s
2026-07-08 12:00:05  --- S12-EURAUD-H1 iter 5 @ 12:00:05 ---
2026-07-08 12:00:05    Niciun semnal nou. Pendinge: 0
2026-07-08 12:00:05    Urmatoarea bara 60min @ 13:00:05 — 3600s
2026-07-08 13:00:05  --- S12-EURAUD-H1 iter 6 @ 13:00:05 ---
2026-07-08 13:00:05    Niciun semnal nou. Pendinge: 0
2026-07-08 13:00:05    Urmatoarea bara 60min @ 14:00:05 — 3600s
2026-07-08 13:49:05    [PROFIL] Profil 'Standard Profile' aplicat pe session12.
2026-07-08 13:49:05  =================================================================
2026-07-08 13:49:05    S12-EURAUD-H1 — EURAUD H1+D1 LONG pw=8 pullback | test +0.232R DD -18.7%
2026-07-08 13:49:05    Piete: ['EURAUD']
2026-07-08 13:49:05    TF: H1 (trend D1) | PW=8 | BOTH
2026-07-08 13:49:05    Output: C:\Dev\trading-bot\data\live_signals\session12
2026-07-08 13:49:05  =================================================================
2026-07-08 13:49:05  MT5: 52906593 @ ICMarketsEU-Demo (DEMO)
2026-07-08 13:49:05    [ORPHAN] Nicio pozitie MT5 fara corespondent — state consistent cu MT5.
2026-07-08 13:49:05  Simboluri active: ['EURAUD']
2026-07-08 13:49:05  Pornit. Ctrl+C pentru oprire.

2026-07-08 13:49:05  --- S12-EURAUD-H1 iter 1 @ 13:49:05 ---
2026-07-08 13:49:05    Niciun semnal nou. Pendinge: 0
2026-07-08 13:49:05    Urmatoarea bara 60min @ 14:00:05 — 659s
2026-07-08 14:00:05  --- S12-EURAUD-H1 iter 2 @ 14:00:05 ---
2026-07-08 14:00:05    Niciun semnal nou. Pendinge: 0
2026-07-08 14:00:05    Urmatoarea bara 60min @ 15:00:05 — 3599s
2026-07-08 15:00:05  --- S12-EURAUD-H1 iter 3 @ 15:00:05 ---
2026-07-08 15:00:05    Niciun semnal nou. Pendinge: 0
2026-07-08 15:00:05    Urmatoarea bara 60min @ 16:00:05 — 3599s
2026-07-08 16:00:05  --- S12-EURAUD-H1 iter 4 @ 16:00:05 ---
2026-07-08 16:00:06    Niciun semnal nou. Pendinge: 0
2026-07-08 16:00:06    Urmatoarea bara 60min @ 17:00:05 — 3598s
2026-07-08 17:00:05  --- S12-EURAUD-H1 iter 5 @ 17:00:05 ---
2026-07-08 17:00:05    Niciun semnal nou. Pendinge: 0
2026-07-08 17:00:05    Urmatoarea bara 60min @ 18:00:05 — 3600s
2026-07-13 21:45:55    [PROFIL] Profil 'Standard Profile' aplicat pe session12.
2026-07-13 21:45:55  =================================================================
2026-07-13 21:45:55    S12-EURAUD-H1 — EURAUD H1+D1 LONG pw=8 pullback | test +0.232R DD -18.7%
2026-07-13 21:45:55    Piete: ['EURAUD']
2026-07-13 21:45:55    TF: H1 (trend D1) | PW=8 | BOTH
2026-07-13 21:45:55    Output: C:\Dev\trading-bot\data\live_signals\session12
2026-07-13 21:45:55  =================================================================
2026-07-13 21:45:56  MT5: 52906593 @ ICMarketsEU-Demo (DEMO)
2026-07-13 21:45:56    [ORPHAN] Nicio pozitie MT5 fara corespondent — state consistent cu MT5.
2026-07-13 21:45:56  Simboluri active: ['EURAUD']
2026-07-13 21:45:56  Pornit. Ctrl+C pentru oprire.

2026-07-13 21:45:56  --- S12-EURAUD-H1 iter 1 @ 21:45:56 ---
2026-07-13 21:45:56    Niciun semnal nou. Pendinge: 0
2026-07-13 21:45:56    Urmatoarea bara 60min @ 22:00:05 — 848s
2026-07-13 21:46:14    [PROFIL] Profil 'Standard Profile' aplicat pe session12.
2026-07-13 21:46:14  =================================================================
2026-07-13 21:46:14    S12-EURAUD-H1 — EURAUD H1+D1 LONG pw=8 pullback | test +0.232R DD -18.7%
2026-07-13 21:46:14    Piete: ['EURAUD']
2026-07-13 21:46:14    TF: H1 (trend D1) | PW=8 | BOTH
2026-07-13 21:46:14    Output: C:\Dev\trading-bot\data\live_signals\session12
2026-07-13 21:46:14  =================================================================
2026-07-13 21:46:14  MT5: 52906593 @ ICMarketsEU-Demo (DEMO)
2026-07-13 21:46:14    [ORPHAN] Nicio pozitie MT5 fara corespondent — state consistent cu MT5.
2026-07-13 21:46:14  Simboluri active: ['EURAUD']
2026-07-13 21:46:14  Pornit. Ctrl+C pentru oprire.

2026-07-13 21:46:14  --- S12-EURAUD-H1 iter 1 @ 21:46:14 ---
2026-07-13 21:46:15    Niciun semnal nou. Pendinge: 0
2026-07-13 21:46:15    Urmatoarea bara 60min @ 22:00:05 — 830s
2026-07-13 22:00:05  --- S12-EURAUD-H1 iter 2 @ 22:00:05 ---
2026-07-13 22:00:05    Niciun semnal nou. Pendinge: 0
2026-07-13 22:00:05    Urmatoarea bara 60min @ 23:00:05 — 3599s
2026-07-13 23:00:05  --- S12-EURAUD-H1 iter 3 @ 23:00:05 ---
2026-07-13 23:00:05    Niciun semnal nou. Pendinge: 0
2026-07-13 23:00:05    Urmatoarea bara 60min @ 00:00:05 — 3599s
2026-07-13 23:21:17    [PROFIL] Profil 'Standard Profile' aplicat pe session12.
2026-07-13 23:21:17  =================================================================
2026-07-13 23:21:17    S12-EURAUD-H1 — EURAUD H1+D1 LONG pw=8 pullback | test +0.232R DD -18.7%
2026-07-13 23:21:17    Piete: ['EURAUD']
2026-07-13 23:21:17    TF: H1 (trend D1) | PW=8 | BOTH
2026-07-13 23:21:17    Output: C:\Dev\trading-bot\data\live_signals\session12
2026-07-13 23:21:17  =================================================================
2026-07-13 23:21:17  MT5: 52906593 @ ICMarketsEU-Demo (DEMO)
2026-07-13 23:21:17    [ORPHAN] Nicio pozitie MT5 fara corespondent — state consistent cu MT5.
2026-07-13 23:21:17  Simboluri active: ['EURAUD']
2026-07-13 23:21:17  Pornit. Ctrl+C pentru oprire.

2026-07-13 23:21:17  --- S12-EURAUD-H1 iter 1 @ 23:21:17 ---
2026-07-13 23:21:17    Niciun semnal nou. Pendinge: 0
2026-07-13 23:21:17    Urmatoarea bara 60min @ 00:00:05 — 2327s
2026-07-14 00:00:05  --- S12-EURAUD-H1 iter 2 @ 00:00:05 ---
2026-07-14 00:00:05    Niciun semnal nou. Pendinge: 0
2026-07-14 00:00:05    Urmatoarea bara 60min @ 01:00:05 — 3600s
2026-07-14 01:00:05  --- S12-EURAUD-H1 iter 3 @ 01:00:05 ---
2026-07-14 01:00:05    Niciun semnal nou. Pendinge: 0
2026-07-14 01:00:05    Urmatoarea bara 60min @ 02:00:05 — 3600s
2026-07-14 02:00:05  --- S12-EURAUD-H1 iter 4 @ 02:00:05 ---
2026-07-14 02:00:05    Niciun semnal nou. Pendinge: 0
2026-07-14 02:00:05    Urmatoarea bara 60min @ 03:00:05 — 3600s
2026-07-14 03:00:05  --- S12-EURAUD-H1 iter 5 @ 03:00:05 ---
2026-07-14 03:00:05    Niciun semnal nou. Pendinge: 0
2026-07-14 03:00:05    Urmatoarea bara 60min @ 04:00:05 — 3600s
2026-07-14 04:00:05  --- S12-EURAUD-H1 iter 6 @ 04:00:05 ---
2026-07-14 04:00:05    Niciun semnal nou. Pendinge: 0
2026-07-14 04:00:05    Urmatoarea bara 60min @ 05:00:05 — 3600s
2026-07-14 05:00:05  --- S12-EURAUD-H1 iter 7 @ 05:00:05 ---
2026-07-14 05:00:05    Niciun semnal nou. Pendinge: 0
2026-07-14 05:00:05    Urmatoarea bara 60min @ 06:00:05 — 3600s
2026-07-14 06:00:05  --- S12-EURAUD-H1 iter 8 @ 06:00:05 ---
2026-07-14 06:00:05    Niciun semnal nou. Pendinge: 0
2026-07-14 06:00:05    Urmatoarea bara 60min @ 07:00:05 — 3599s
2026-07-14 07:00:05  --- S12-EURAUD-H1 iter 9 @ 07:00:05 ---
2026-07-14 07:00:05    Niciun semnal nou. Pendinge: 0
2026-07-14 07:00:05    Urmatoarea bara 60min @ 08:00:05 — 3600s
2026-07-14 08:00:05  --- S12-EURAUD-H1 iter 10 @ 08:00:05 ---
2026-07-14 08:00:05    Niciun semnal nou. Pendinge: 0
2026-07-14 08:00:05    Urmatoarea bara 60min @ 09:00:05 — 3600s
2026-07-14 08:31:09    [PROFIL] Profil 'Standard Profile' aplicat pe session12.
2026-07-14 08:31:09  =================================================================
2026-07-14 08:31:09    S12-EURAUD-H1 — EURAUD H1+D1 LONG pw=8 pullback | test +0.232R DD -18.7%
2026-07-14 08:31:09    Piete: ['EURAUD']
2026-07-14 08:31:09    TF: H1 (trend D1) | PW=8 | BOTH
2026-07-14 08:31:09    Output: C:\Dev\trading-bot\data\live_signals\session12
2026-07-14 08:31:09  =================================================================
2026-07-14 08:31:09  MT5: 52906593 @ ICMarketsEU-Demo (DEMO)
2026-07-14 08:31:09    [ORPHAN] Nicio pozitie MT5 fara corespondent — state consistent cu MT5.
2026-07-14 08:31:09  Simboluri active: ['EURAUD']
2026-07-14 08:31:09  Pornit. Ctrl+C pentru oprire.

2026-07-14 08:31:09  --- S12-EURAUD-H1 iter 1 @ 08:31:09 ---
2026-07-14 08:31:10    Niciun semnal nou. Pendinge: 0
2026-07-14 08:31:10    Urmatoarea bara 60min @ 09:00:05 — 1735s
2026-07-14 09:00:05  --- S12-EURAUD-H1 iter 2 @ 09:00:05 ---
2026-07-14 09:00:05    Niciun semnal nou. Pendinge: 0
2026-07-14 09:00:05    Urmatoarea bara 60min @ 10:00:05 — 3600s
2026-07-14 10:00:05  --- S12-EURAUD-H1 iter 3 @ 10:00:05 ---
2026-07-14 10:00:06    Niciun semnal nou. Pendinge: 0
2026-07-14 10:00:06    Urmatoarea bara 60min @ 11:00:05 — 3598s
2026-07-14 11:00:05  --- S12-EURAUD-H1 iter 4 @ 11:00:05 ---
2026-07-14 11:00:11    Niciun semnal nou. Pendinge: 0
2026-07-14 11:00:11    Urmatoarea bara 60min @ 12:00:05 — 3594s
2026-07-14 12:00:05  --- S12-EURAUD-H1 iter 5 @ 12:00:05 ---
2026-07-14 12:00:05    Niciun semnal nou. Pendinge: 0
2026-07-14 12:00:05    Urmatoarea bara 60min @ 13:00:05 — 3599s
2026-07-14 13:00:05  --- S12-EURAUD-H1 iter 6 @ 13:00:05 ---
2026-07-14 13:00:05    *** SEMNAL [INSIDE_BAR]: S12-EURAUD-H1-IB0005 EURAUD SHORT entry=1.63940 sl=1.64314 tp=1.63192 (2.0R) RSI=26
2026-07-14 13:01:14    [EXEC] *** ORDIN: S12-EURAUD-H1-IB0005 EURAUD SHORT 0.01lot @ 1.63940  SL=1.64314  TP=1.63192  ticket=#1806907634
2026-07-14 13:01:14    Urmatoarea bara 60min @ 14:00:05 — 3530s
2026-07-14 14:00:05  --- S12-EURAUD-H1 iter 7 @ 14:00:05 ---
2026-07-14 14:00:05    Niciun semnal nou. Pendinge: 1
2026-07-14 14:00:05    Urmatoarea bara 60min @ 15:00:05 — 3599s
2026-07-14 14:39:14    [PROFIL] Profil 'Standard Profile' aplicat pe session12.
2026-07-14 14:39:14  =================================================================
2026-07-14 14:39:14    S12-EURAUD-H1 — EURAUD H1+D1 LONG pw=8 pullback | test +0.232R DD -18.7%
2026-07-14 14:39:14    Piete: ['EURAUD']
2026-07-14 14:39:14    TF: H1 (trend D1) | PW=8 | BOTH
2026-07-14 14:39:14    Output: C:\Dev\trading-bot\data\live_signals\session12
2026-07-14 14:39:14  =================================================================
2026-07-14 14:39:14  MT5: 52906593 @ ICMarketsEU-Demo (DEMO)
2026-07-14 14:39:14    [SCAN-RECOVER] Comentariu trunchiat 'S12-EURAUD-H1-IB' → comment_map arata spre S12-EURAUD-H1-IB0005 care are ticket activ — ordin vechi ignorat, se foloseste ID ticket-based
2026-07-14 14:39:14    [ORPHAN] Nicio pozitie MT5 fara corespondent — state consistent cu MT5.
2026-07-14 14:39:14  Simboluri active: ['EURAUD']
2026-07-14 14:39:14  Pornit. Ctrl+C pentru oprire.

2026-07-14 14:39:14  --- S12-EURAUD-H1 iter 1 @ 14:39:14 ---
2026-07-14 14:39:14    Niciun semnal nou. Pendinge: 1
2026-07-14 14:39:14    Urmatoarea bara 60min @ 15:00:05 — 1250s
2026-07-14 15:00:05  --- S12-EURAUD-H1 iter 2 @ 15:00:05 ---
2026-07-14 15:00:05    Niciun semnal nou. Pendinge: 1
2026-07-14 15:00:05    Urmatoarea bara 60min @ 16:00:05 — 3600s
2026-07-14 16:00:05  --- S12-EURAUD-H1 iter 3 @ 16:00:05 ---
2026-07-14 16:00:05    [EXEC] S12-EURAUD-H1-IB0005: ordin MT5 #1806907634 anulat (invalidat)
2026-07-14 16:00:05    Niciun semnal nou. Pendinge: 0
2026-07-14 16:00:05    Urmatoarea bara 60min @ 17:00:05 — 3599s
2026-07-14 17:00:05  --- S12-EURAUD-H1 iter 4 @ 17:00:05 ---
2026-07-14 17:00:05    Niciun semnal nou. Pendinge: 0
2026-07-14 17:00:05    Urmatoarea bara 60min @ 18:00:05 — 3599s
2026-07-14 18:00:05  --- S12-EURAUD-H1 iter 5 @ 18:00:05 ---
2026-07-14 18:00:05    Niciun semnal nou. Pendinge: 0
2026-07-14 18:00:05    Urmatoarea bara 60min @ 19:00:05 — 3599s
2026-07-14 18:46:00    [PROFIL] Profil 'Standard Profile' aplicat pe session12.
2026-07-14 18:46:00  =================================================================
2026-07-14 18:46:00    S12-EURAUD-H1 — EURAUD H1+D1 LONG pw=8 pullback | test +0.232R DD -18.7%
2026-07-14 18:46:00    Piete: ['EURAUD']
2026-07-14 18:46:00    TF: H1 (trend D1) | PW=8 | BOTH
2026-07-14 18:46:00    Output: C:\Dev\trading-bot\data\live_signals\session12
2026-07-14 18:46:00  =================================================================
2026-07-14 18:46:00  MT5: 52906593 @ ICMarketsEU-Demo (DEMO)
2026-07-14 18:46:00    [MIGRATE] Cheie goala stearsa din pending: 'EURAUD'
2026-07-14 18:46:00    [MIGRATE] Migrare pending: 0 semnale migrate, 1 chei goale sterse.
2026-07-14 18:46:00    [ORPHAN] Nicio pozitie MT5 fara corespondent — state consistent cu MT5.
2026-07-14 18:46:00  Simboluri active: ['EURAUD']
2026-07-14 18:46:00  Pornit. Ctrl+C pentru oprire.

2026-07-14 18:46:00  --- S12-EURAUD-H1 iter 1 @ 18:46:00 ---
2026-07-14 18:46:00    Niciun semnal nou. Pendinge: 0
2026-07-14 18:46:00    Urmatoarea bara 60min @ 19:00:05 — 844s
2026-07-14 19:00:05  --- S12-EURAUD-H1 iter 2 @ 19:00:05 ---
2026-07-14 19:00:05    Niciun semnal nou. Pendinge: 0
2026-07-14 19:00:05    Urmatoarea bara 60min @ 20:00:05 — 3600s
2026-07-14 20:00:05  --- S12-EURAUD-H1 iter 3 @ 20:00:05 ---
2026-07-14 20:00:05    EURAUD: eroare H1 — Simbolul 'EURAUD' nu este disponibil in MT5: (-10001, 'IPC send failed')
2026-07-14 20:00:05    Niciun semnal nou. Pendinge: 0
2026-07-14 20:00:05  [MT5-HEALTH] terminal_info() = None — IPC pierdut
2026-07-14 20:00:05    Urmatoarea bara 60min @ 21:00:05 — 3600s
2026-07-14 20:44:31    [PROFIL] Profil 'Standard Profile' aplicat pe session12.
2026-07-14 20:44:31  =================================================================
2026-07-14 20:44:31    S12-EURAUD-H1 — EURAUD H1+D1 LONG pw=8 pullback | test +0.232R DD -18.7%
2026-07-14 20:44:31    Piete: ['EURAUD']
2026-07-14 20:44:31    TF: H1 (trend D1) | PW=8 | BOTH
2026-07-14 20:44:31    Output: C:\Dev\trading-bot\data\live_signals\session12
2026-07-14 20:44:31  =================================================================
2026-07-14 20:44:31  MT5: 52906593 @ ICMarketsEU-Demo (DEMO)
2026-07-14 20:44:31    [ORPHAN] Nicio pozitie MT5 fara corespondent — state consistent cu MT5.
2026-07-14 20:44:31  Simboluri active: ['EURAUD']
2026-07-14 20:44:31  Pornit. Ctrl+C pentru oprire.

2026-07-14 20:44:31  --- S12-EURAUD-H1 iter 1 @ 20:44:31 ---
2026-07-14 20:44:32    Niciun semnal nou. Pendinge: 0
2026-07-14 20:44:32    Urmatoarea bara 60min @ 21:00:05 — 933s
2026-07-14 21:00:05  --- S12-EURAUD-H1 iter 2 @ 21:00:05 ---
2026-07-14 21:00:05    Niciun semnal nou. Pendinge: 0
2026-07-14 21:00:05    Urmatoarea bara 60min @ 22:00:05 — 3600s
2026-07-14 22:00:05  --- S12-EURAUD-H1 iter 3 @ 22:00:05 ---
2026-07-14 22:00:05    Niciun semnal nou. Pendinge: 0
2026-07-14 22:00:05    Urmatoarea bara 60min @ 23:00:05 — 3600s
2026-07-14 23:00:05  --- S12-EURAUD-H1 iter 4 @ 23:00:05 ---
2026-07-14 23:00:05    Niciun semnal nou. Pendinge: 0
2026-07-14 23:00:05    Urmatoarea bara 60min @ 00:00:05 — 3600s
2026-07-15 00:00:05  --- S12-EURAUD-H1 iter 5 @ 00:00:05 ---
2026-07-15 00:00:05    Niciun semnal nou. Pendinge: 0
2026-07-15 00:00:05    Urmatoarea bara 60min @ 01:00:05 — 3599s
2026-07-15 01:00:05  --- S12-EURAUD-H1 iter 6 @ 01:00:05 ---
2026-07-15 01:00:05    EURAUD: eroare H1 — Simbolul 'EURAUD' nu este disponibil in MT5: (-10001, 'IPC send failed')
2026-07-15 01:00:05    Niciun semnal nou. Pendinge: 0
2026-07-15 01:00:05  [MT5-HEALTH] terminal_info() = None — IPC pierdut
2026-07-15 01:00:05    Urmatoarea bara 60min @ 02:00:05 — 3600s
2026-07-15 02:00:05  --- S12-EURAUD-H1 iter 7 @ 02:00:05 ---
2026-07-15 02:00:05    EURAUD: eroare H1 — Simbolul 'EURAUD' nu este disponibil in MT5: (-10001, 'IPC send failed')
2026-07-15 02:00:05    Niciun semnal nou. Pendinge: 0
2026-07-15 02:00:05  [MT5-HEALTH] terminal_info() = None — IPC pierdut
2026-07-15 02:00:05    Urmatoarea bara 60min @ 03:00:05 — 3600s
2026-07-15 03:00:05  --- S12-EURAUD-H1 iter 8 @ 03:00:05 ---
2026-07-15 03:00:05    EURAUD: eroare H1 — Simbolul 'EURAUD' nu este disponibil in MT5: (-10001, 'IPC send failed')
2026-07-15 03:00:05    Niciun semnal nou. Pendinge: 0
2026-07-15 03:00:05  [MT5-HEALTH] terminal_info() = None — IPC pierdut
2026-07-15 03:00:05    Urmatoarea bara 60min @ 04:00:05 — 3600s
2026-07-15 04:00:05  --- S12-EURAUD-H1 iter 9 @ 04:00:05 ---
2026-07-15 04:00:05    EURAUD: eroare H1 — Simbolul 'EURAUD' nu este disponibil in MT5: (-10001, 'IPC send failed')
2026-07-15 04:00:05    Niciun semnal nou. Pendinge: 0
2026-07-15 04:00:05  [MT5-HEALTH] terminal_info() = None — IPC pierdut
2026-07-15 04:00:05    Urmatoarea bara 60min @ 05:00:05 — 3600s
2026-07-15 05:00:05  --- S12-EURAUD-H1 iter 10 @ 05:00:05 ---
2026-07-15 05:00:05    EURAUD: eroare H1 — Simbolul 'EURAUD' nu este disponibil in MT5: (-10001, 'IPC send failed')
2026-07-15 05:00:05    Niciun semnal nou. Pendinge: 0
2026-07-15 05:00:05  [MT5-HEALTH] terminal_info() = None — IPC pierdut
2026-07-15 05:00:05    Urmatoarea bara 60min @ 06:00:05 — 3600s
2026-07-15 06:00:05  --- S12-EURAUD-H1 iter 11 @ 06:00:05 ---
2026-07-15 06:00:05    EURAUD: eroare H1 — Simbolul 'EURAUD' nu este disponibil in MT5: (-10001, 'IPC send failed')
2026-07-15 06:00:05    Niciun semnal nou. Pendinge: 0
2026-07-15 06:00:05  [MT5-HEALTH] terminal_info() = None — IPC pierdut
2026-07-15 06:00:05    Urmatoarea bara 60min @ 07:00:05 — 3600s
2026-07-15 07:00:05  --- S12-EURAUD-H1 iter 12 @ 07:00:05 ---
2026-07-15 07:00:05    EURAUD: eroare H1 — Simbolul 'EURAUD' nu este disponibil in MT5: (-10001, 'IPC send failed')
2026-07-15 07:00:05    Niciun semnal nou. Pendinge: 0
2026-07-15 07:00:05  [MT5-HEALTH] terminal_info() = None — IPC pierdut
2026-07-15 07:00:05    Urmatoarea bara 60min @ 08:00:05 — 3600s
2026-07-15 08:00:05  --- S12-EURAUD-H1 iter 13 @ 08:00:05 ---
2026-07-15 08:00:05    EURAUD: eroare H1 — Simbolul 'EURAUD' nu este disponibil in MT5: (-10001, 'IPC send failed')
2026-07-15 08:00:05    Niciun semnal nou. Pendinge: 0
2026-07-15 08:00:05  [MT5-HEALTH] terminal_info() = None — IPC pierdut
2026-07-15 08:00:05    Urmatoarea bara 60min @ 09:00:05 — 3600s
2026-07-15 09:21:09    [PROFIL] Profil 'Standard Profile' aplicat pe session12.
2026-07-15 09:21:09  =================================================================
2026-07-15 09:21:09    S12-EURAUD-H1 — EURAUD H1+D1 LONG pw=8 pullback | test +0.232R DD -18.7%
2026-07-15 09:21:09    Piete: ['EURAUD']
2026-07-15 09:21:09    TF: H1 (trend D1) | PW=8 | BOTH
2026-07-15 09:21:09    Output: C:\Dev\trading-bot\data\live_signals\session12
2026-07-15 09:21:09  =================================================================
2026-07-15 09:21:10  MT5: 52906593 @ ICMarketsEU-Demo (DEMO)
2026-07-15 09:21:10    [ORPHAN] Nicio pozitie MT5 fara corespondent — state consistent cu MT5.
2026-07-15 09:21:10  Simboluri active: ['EURAUD']
2026-07-15 09:21:10  Pornit. Ctrl+C pentru oprire.

2026-07-15 09:21:10  --- S12-EURAUD-H1 iter 1 @ 09:21:10 ---
2026-07-15 09:21:11    Niciun semnal nou. Pendinge: 0
2026-07-15 09:21:11    Urmatoarea bara 60min @ 10:00:05 — 2334s
2026-07-15 09:21:54    [PROFIL] Profil 'Standard Profile' aplicat pe session12.
2026-07-15 09:21:54  =================================================================
2026-07-15 09:21:54    S12-EURAUD-H1 — EURAUD H1+D1 LONG pw=8 pullback | test +0.232R DD -18.7%
2026-07-15 09:21:54    Piete: ['EURAUD']
2026-07-15 09:21:54    TF: H1 (trend D1) | PW=8 | BOTH
2026-07-15 09:21:54    Output: C:\Dev\trading-bot\data\live_signals\session12
2026-07-15 09:21:54  =================================================================
2026-07-15 09:21:54  MT5: 52906593 @ ICMarketsEU-Demo (DEMO)
2026-07-15 09:21:54    [ORPHAN] Nicio pozitie MT5 fara corespondent — state consistent cu MT5.
2026-07-15 09:21:54  Simboluri active: ['EURAUD']
2026-07-15 09:21:54  Pornit. Ctrl+C pentru oprire.

2026-07-15 09:21:54  --- S12-EURAUD-H1 iter 1 @ 09:21:54 ---
2026-07-15 09:21:55    Niciun semnal nou. Pendinge: 0
2026-07-15 09:21:55    Urmatoarea bara 60min @ 10:00:05 — 2290s
2026-07-15 10:00:04  --- S12-EURAUD-H1 iter 2 @ 10:00:04 ---
2026-07-15 10:00:05    Niciun semnal nou. Pendinge: 0
2026-07-15 10:00:05    Urmatoarea bara 60min @ 11:00:05 — 3600s
2026-07-15 11:00:04  --- S12-EURAUD-H1 iter 3 @ 11:00:04 ---
2026-07-15 11:00:05    Niciun semnal nou. Pendinge: 0
2026-07-15 11:00:05    Urmatoarea bara 60min @ 12:00:05 — 3600s
2026-07-15 12:00:04  --- S12-EURAUD-H1 iter 4 @ 12:00:04 ---
2026-07-15 12:00:05    Niciun semnal nou. Pendinge: 0
2026-07-15 12:00:05    Urmatoarea bara 60min @ 13:00:05 — 3600s
2026-07-15 13:00:04  --- S12-EURAUD-H1 iter 5 @ 13:00:04 ---
2026-07-15 13:00:05    Niciun semnal nou. Pendinge: 0
2026-07-15 13:00:05    Urmatoarea bara 60min @ 14:00:05 — 3600s
2026-07-15 14:00:05  --- S12-EURAUD-H1 iter 6 @ 14:00:05 ---
2026-07-15 14:00:05    Niciun semnal nou. Pendinge: 0
2026-07-15 14:00:05    Urmatoarea bara 60min @ 15:00:05 — 3600s
2026-07-15 15:00:05  --- S12-EURAUD-H1 iter 7 @ 15:00:05 ---
2026-07-15 15:00:05    Niciun semnal nou. Pendinge: 0
2026-07-15 15:00:05    Urmatoarea bara 60min @ 16:00:05 — 3599s
2026-07-15 16:00:05  --- S12-EURAUD-H1 iter 8 @ 16:00:05 ---
2026-07-15 16:00:05    Niciun semnal nou. Pendinge: 0
2026-07-15 16:00:05    Urmatoarea bara 60min @ 17:00:05 — 3599s
2026-07-15 17:00:05  --- S12-EURAUD-H1 iter 9 @ 17:00:05 ---
2026-07-15 17:00:05    Niciun semnal nou. Pendinge: 0
2026-07-15 17:00:05    Urmatoarea bara 60min @ 18:00:05 — 3600s
2026-07-15 18:00:05  --- S12-EURAUD-H1 iter 10 @ 18:00:05 ---
2026-07-15 18:00:05    Niciun semnal nou. Pendinge: 0
2026-07-15 18:00:05    Urmatoarea bara 60min @ 19:00:05 — 3600s
2026-07-15 19:00:05  --- S12-EURAUD-H1 iter 11 @ 19:00:05 ---
2026-07-15 19:00:05    Niciun semnal nou. Pendinge: 0
2026-07-15 19:00:05    Urmatoarea bara 60min @ 20:00:05 — 3599s
2026-07-15 20:00:05  --- S12-EURAUD-H1 iter 12 @ 20:00:05 ---
2026-07-15 20:00:05    Niciun semnal nou. Pendinge: 0
2026-07-15 20:00:05    Urmatoarea bara 60min @ 21:00:05 — 3600s
2026-07-15 21:00:05  --- S12-EURAUD-H1 iter 13 @ 21:00:05 ---
2026-07-15 21:00:06    Niciun semnal nou. Pendinge: 0
2026-07-15 21:00:06    Urmatoarea bara 60min @ 22:00:05 — 3599s
2026-07-15 22:00:05  --- S12-EURAUD-H1 iter 14 @ 22:00:05 ---
2026-07-15 22:00:05    Niciun semnal nou. Pendinge: 0
2026-07-15 22:00:05    Urmatoarea bara 60min @ 23:00:05 — 3599s
2026-07-15 23:00:05  --- S12-EURAUD-H1 iter 15 @ 23:00:05 ---
2026-07-15 23:00:06    Niciun semnal nou. Pendinge: 0
2026-07-15 23:00:06    Urmatoarea bara 60min @ 00:00:05 — 3599s
2026-07-16 00:00:05  --- S12-EURAUD-H1 iter 16 @ 00:00:05 ---
2026-07-16 00:00:05    Niciun semnal nou. Pendinge: 0
2026-07-16 00:00:05    Urmatoarea bara 60min @ 01:00:05 — 3599s
2026-07-16 01:00:05  --- S12-EURAUD-H1 iter 17 @ 01:00:05 ---
2026-07-16 01:00:08    Niciun semnal nou. Pendinge: 0
2026-07-16 01:00:08    Urmatoarea bara 60min @ 02:00:05 — 3596s
2026-07-16 02:00:05  --- S12-EURAUD-H1 iter 18 @ 02:00:05 ---
2026-07-16 02:00:05    Niciun semnal nou. Pendinge: 0
2026-07-16 02:00:05    Urmatoarea bara 60min @ 03:00:05 — 3599s
2026-07-16 03:00:05  --- S12-EURAUD-H1 iter 19 @ 03:00:05 ---
2026-07-16 03:00:05    Niciun semnal nou. Pendinge: 0
2026-07-16 03:00:05    Urmatoarea bara 60min @ 04:00:05 — 3599s
2026-07-16 04:00:05  --- S12-EURAUD-H1 iter 20 @ 04:00:05 ---
2026-07-16 04:00:05    Niciun semnal nou. Pendinge: 0
2026-07-16 04:00:05    Urmatoarea bara 60min @ 05:00:05 — 3599s
2026-07-16 05:00:05  --- S12-EURAUD-H1 iter 21 @ 05:00:05 ---
2026-07-16 05:00:05    Niciun semnal nou. Pendinge: 0
2026-07-16 05:00:05    Urmatoarea bara 60min @ 06:00:05 — 3599s
2026-07-16 06:00:05  --- S12-EURAUD-H1 iter 22 @ 06:00:05 ---
2026-07-16 06:00:05    Niciun semnal nou. Pendinge: 0
2026-07-16 06:00:05    Urmatoarea bara 60min @ 07:00:05 — 3599s
2026-07-16 07:00:05  --- S12-EURAUD-H1 iter 23 @ 07:00:05 ---
2026-07-16 07:00:05    Niciun semnal nou. Pendinge: 0
2026-07-16 07:00:05    Urmatoarea bara 60min @ 08:00:05 — 3599s
2026-07-16 08:00:05  --- S12-EURAUD-H1 iter 24 @ 08:00:05 ---
2026-07-16 08:00:05    Niciun semnal nou. Pendinge: 0
2026-07-16 08:00:05    Urmatoarea bara 60min @ 09:00:05 — 3599s
2026-07-16 09:00:05  --- S12-EURAUD-H1 iter 25 @ 09:00:05 ---
2026-07-16 09:00:05    Niciun semnal nou. Pendinge: 0
2026-07-16 09:00:05    Urmatoarea bara 60min @ 10:00:05 — 3599s
2026-07-16 10:00:05  --- S12-EURAUD-H1 iter 26 @ 10:00:05 ---
2026-07-16 10:00:05    Niciun semnal nou. Pendinge: 0
2026-07-16 10:00:05    Urmatoarea bara 60min @ 11:00:05 — 3600s
2026-07-16 11:00:05  --- S12-EURAUD-H1 iter 27 @ 11:00:05 ---
2026-07-16 11:00:05    Niciun semnal nou. Pendinge: 0
2026-07-16 11:00:05    Urmatoarea bara 60min @ 12:00:05 — 3599s
2026-07-16 12:00:05  --- S12-EURAUD-H1 iter 28 @ 12:00:05 ---
2026-07-16 12:00:05    EURAUD: eroare H1 — Nu am primit bare pentru EURAUD H1: (-1, 'Terminal: Call failed')
2026-07-16 12:00:05    Niciun semnal nou. Pendinge: 0
2026-07-16 12:00:06    Urmatoarea bara 60min @ 13:00:05 — 3599s
2026-07-16 13:00:05  --- S12-EURAUD-H1 iter 29 @ 13:00:05 ---
2026-07-16 13:00:05    Niciun semnal nou. Pendinge: 0
2026-07-16 13:00:05    Urmatoarea bara 60min @ 14:00:05 — 3599s
2026-07-16 14:00:05  --- S12-EURAUD-H1 iter 30 @ 14:00:05 ---
2026-07-16 14:00:06    Niciun semnal nou. Pendinge: 0
2026-07-16 14:00:06    Urmatoarea bara 60min @ 15:00:05 — 3599s
2026-07-16 15:00:05  --- S12-EURAUD-H1 iter 31 @ 15:00:05 ---
2026-07-16 15:00:05    Niciun semnal nou. Pendinge: 0
2026-07-16 15:00:05    Urmatoarea bara 60min @ 16:00:05 — 3599s
2026-07-16 16:00:05  --- S12-EURAUD-H1 iter 32 @ 16:00:05 ---
2026-07-16 16:00:05    Niciun semnal nou. Pendinge: 0
2026-07-16 16:00:05    Urmatoarea bara 60min @ 17:00:05 — 3599s
2026-07-16 17:00:05  --- S12-EURAUD-H1 iter 33 @ 17:00:05 ---
2026-07-16 17:00:05    Niciun semnal nou. Pendinge: 0
2026-07-16 17:00:05    Urmatoarea bara 60min @ 18:00:05 — 3599s
2026-07-16 18:00:05  --- S12-EURAUD-H1 iter 34 @ 18:00:05 ---
2026-07-16 18:00:05    Niciun semnal nou. Pendinge: 0
2026-07-16 18:00:05    Urmatoarea bara 60min @ 19:00:05 — 3599s
2026-07-16 19:00:05  --- S12-EURAUD-H1 iter 35 @ 19:00:05 ---
2026-07-16 19:00:05    Niciun semnal nou. Pendinge: 0
2026-07-16 19:00:05    Urmatoarea bara 60min @ 20:00:05 — 3599s
2026-07-16 20:00:05  --- S12-EURAUD-H1 iter 36 @ 20:00:05 ---
2026-07-16 20:00:05    Niciun semnal nou. Pendinge: 0
2026-07-16 20:00:05    Urmatoarea bara 60min @ 21:00:05 — 3599s
